Microchip MPLAB XC8 Compiler V1.45 ()

Linker command line:

-W-3 --edf=E:\software\pic\XC8\dat\en_msgs.txt -cs \
  -h+dist/default/production\H_bridge_driver.X.production.sym \
  --cmf=dist/default/production\H_bridge_driver.X.production.cmf -z \
  -Q16F886 -oC:\Users\Samare\AppData\Local\Temp\s138.2 \
  -Mdist/default/production/H_bridge_driver.X.production.map -E1 -ver=XC8 \
  -ASTACK=0110h-016fh -pstack=STACK -ACODE=00h-07FFhx4 -ASTRCODE=00h-01FFFh \
  -ASTRING=00h-0FFhx32 -ACONST=00h-0FFhx32 -AENTRY=00h-0FFhx32 \
  -ACOMMON=070h-07Fh -ABANK0=020h-06Fh -ABANK1=0A0h-0EFh \
  -ABANK2=0110h-016Fh -ABANK3=0190h-01EFh \
  -ARAM=020h-06Fh,0A0h-0EFh,0110h-016Fh,0190h-01EFh \
  -AABS1=020h-07Fh,0A0h-0EFh,0110h-016Fh,0190h-01EFh -ASFR0=00h-01Fh \
  -ASFR1=080h-09Fh -ASFR2=0100h-010Fh -ASFR3=0180h-018Fh \
  -preset_vec=00h,intentry,init,end_init -ppowerup=CODE -pcinit=CODE \
  -pfunctab=ENTRY -ACONFIG=02007h-02008h -pconfig=CONFIG -DCONFIG=2 \
  -AIDLOC=02000h-02003h -pidloc=IDLOC -DIDLOC=2 -AEEDATA=00h-0FFh/02100h \
  -peeprom_data=EEDATA -DEEDATA=2 -DCODE=2 -DSTRCODE=2 -DSTRING=2 -DCONST=2 \
  -DENTRY=2 -k C:\Users\Samare\AppData\Local\Temp\s138.obj \
  dist/default/production\H_bridge_driver.X.production.obj 

Object code version is 3.11

Machine type is 16F886



                Name                               Link     Load   Length Selector   Space Scale
C:\Users\Samare\AppData\Local\Temp\s138.obj
                end_init                              0        0        3        0       0
                config                             2007     2007        2     400E       0
dist/default/production\H_bridge_driver.X.production.obj
                cinit                               7D2      7D2       2E      FA4       0
                text1_split_1                       868      868      166     10D0       0
                text36                             1CAD     1CAD        F     395A       0
                text35                             1D5F     1D5F       29     3ABE       0
                text34                             1CE3     1CE3       1A     39C6       0
                text33                             1CFD     1CFD       1A     39FA       0
                text32                             1C94     1C94        B     3928       0
                text31                             1F4A     1F4A       5B     3E94       0
                text30                             1E16     1E16       4A     3C2C       0
                text29                             1DDF     1DDF       37     3BBE       0
                text28                             1DB3     1DB3       2C     3B66       0
                text27                             1242     1242       8F     2484       0
                text26                             1148     1148       6C     2290       0
                text25                             10A9     10A9       42     2152       0
                text24                             1377     1377       B8     26EE       0
                text23                             14F2     14F2       D3     29E4       0
                text22                             11B4     11B4       8E     2368       0
                text21                             1CCF     1CCF       14     399E       0
                text20                             12D1     12D1       A6     25A2       0
                text19                             1EF9     1EF9       51     3DF2       0
                text18                             1D38     1D38       27     3A70       0
                text17                             10EB     10EB       5D     21D6       0
                text16                              802      802        8     1004       0
                text15                             15C5     15C5      109     2B8A       0
                text14                             1D17     1D17       21     3A2E       0
                text13                              80A      80A       5E     1014       0
                text12                             1EAB     1EAB       4E     3D56       0
                text11                             1D88     1D88       2B     3B10       0
                text10                                5        5       21        A       0
                text9                              16CE     16CE      132     2D9C       0
                text8                              142F     142F       C3     285E       0
                text7                              1FA5     1FA5       5B     3F4A       0
                text6                              1E60     1E60       4B     3CC0       0
                text5                              1CBC     1CBC       13     3978       0
                text4                               9CE      9CE      19A     139C       0
                text3                              1C9F     1C9F        E     393E       0
                text2                               D65      D65      29B     1ACA       0
                text1                                26       26      7AC       4C       0
                maintext                            B68      B68      1FD     16D0       0
                cstackBANK0                          20       20       50       20       1
                cstackCOMMON                         70       70        E       70       1
                cstackBANK1                          A0       A0       4A       A0       1
                dataBANK3                           190      190        4      190       1
                dataBANK1                            EE       EE        2       A0       1
                bssBANK1                             EA       EA        4       A0       1
                strings                            1000     1000       A3     2000       0
                idataBANK3                         10A5     10A5        4     214A       0
                idataBANK1                            3        3        2        0       0

TOTAL           Name                               Link     Load   Length     Space
        CLASS   STACK          

        CLASS   CODE           
                end_init                              0        0        3         0
                cinit                               7D2      7D2       2E         0
                text1_split_1                       868      868      166         0
                text36                             1CAD     1CAD        F         0
                text35                             1D5F     1D5F       29         0
                text34                             1CE3     1CE3       1A         0
                text33                             1CFD     1CFD       1A         0
                text32                             1C94     1C94        B         0
                text31                             1F4A     1F4A       5B         0
                text30                             1E16     1E16       4A         0
                text29                             1DDF     1DDF       37         0
                text28                             1DB3     1DB3       2C         0
                text27                             1242     1242       8F         0
                text26                             1148     1148       6C         0
                text25                             10A9     10A9       42         0
                text24                             1377     1377       B8         0
                text23                             14F2     14F2       D3         0
                text22                             11B4     11B4       8E         0
                text21                             1CCF     1CCF       14         0
                text20                             12D1     12D1       A6         0
                text19                             1EF9     1EF9       51         0
                text18                             1D38     1D38       27         0
                text17                             10EB     10EB       5D         0
                text16                              802      802        8         0
                text15                             15C5     15C5      109         0
                text14                             1D17     1D17       21         0
                text13                              80A      80A       5E         0
                text12                             1EAB     1EAB       4E         0
                text11                             1D88     1D88       2B         0
                text10                                5        5       21         0
                text9                              16CE     16CE      132         0
                text8                              142F     142F       C3         0
                text7                              1FA5     1FA5       5B         0
                text6                              1E60     1E60       4B         0
                text5                              1CBC     1CBC       13         0
                text4                               9CE      9CE      19A         0
                text3                              1C9F     1C9F        E         0
                text2                               D65      D65      29B         0
                text1                                26       26      7AC         0
                maintext                            B68      B68      1FD         0
                idataBANK3                         10A5     10A5        4         0
                idataBANK1                            3        3        2         0

        CLASS   STRCODE        

        CLASS   STRING         
                strings                            1000     1000       A3         0

        CLASS   CONST          

        CLASS   ENTRY          

        CLASS   COMMON         
                cstackCOMMON                         70       70        E         1

        CLASS   BANK0          
                cstackBANK0                          20       20       50         1

        CLASS   BANK1          
                cstackBANK1                          A0       A0       4A         1
                dataBANK1                            EE       EE        2         1
                bssBANK1                             EA       EA        4         1

        CLASS   BANK2          

        CLASS   BANK3          
                dataBANK3                           190      190        4         1

        CLASS   RAM            

        CLASS   ABS1           
                abs_s1                               7E       7E        2         1

        CLASS   SFR0           

        CLASS   SFR1           

        CLASS   SFR2           

        CLASS   SFR3           

        CLASS   CONFIG         
                config                             2007     2007        2         0

        CLASS   IDLOC          

        CLASS   EEDATA         



SEGMENTS        Name                           Load    Length   Top    Selector   Space  Class     Delta

                reset_vec                      000000  000005  000005         0       0  CODE        2
                text10                         000005  000021  000026         A       0  CODE        2
                cstackBANK0                    000020  000050  000070        20       1  BANK0       1
                text1                          000026  0007AC  0007D2        4C       0  CODE        2
                cstackCOMMON                   000070  00000E  00007E        70       1  COMMON      1
                cstackBANK1                    0000A0  000050  0000F0        A0       1  BANK1       1
                dataBANK3                      000190  000004  000194       190       1  BANK3       1
                cinit                          0007D2  00002E  000800       FA4       0  CODE        2
                text16                         000802  000008  00080A      1004       0  CODE        2
                text13                         00080A  00005E  000868      1014       0  CODE        2
                text1_split_1                  000868  000166  0009CE      10D0       0  CODE        2
                text4                          0009CE  00019A  000B68      139C       0  CODE        2
                maintext                       000B68  0001FD  000D65      16D0       0  CODE        2
                text2                          000D65  00029B  001000      1ACA       0  CODE        2
                strings                        001000  0000A3  0010A3      2000       0  STRING      2
                idataBANK3                     0010A5  000004  0010A9      214A       0  CODE        2
                text25                         0010A9  000042  0010EB      2152       0  CODE        2
                text17                         0010EB  00005D  001148      21D6       0  CODE        2
                text26                         001148  00006C  0011B4      2290       0  CODE        2
                text22                         0011B4  00008E  001242      2368       0  CODE        2
                text27                         001242  00008F  0012D1      2484       0  CODE        2
                text20                         0012D1  0000A6  001377      25A2       0  CODE        2
                text24                         001377  0000B8  00142F      26EE       0  CODE        2
                text8                          00142F  0000C3  0014F2      285E       0  CODE        2
                text23                         0014F2  0000D3  0015C5      29E4       0  CODE        2
                text15                         0015C5  000109  0016CE      2B8A       0  CODE        2
                text9                          0016CE  000132  001800      2D9C       0  CODE        2
                text32                         001C94  00000B  001C9F      3928       0  CODE        2
                text3                          001C9F  00000E  001CAD      393E       0  CODE        2
                text36                         001CAD  00000F  001CBC      395A       0  CODE        2
                text5                          001CBC  000013  001CCF      3978       0  CODE        2
                text21                         001CCF  000014  001CE3      399E       0  CODE        2
                text34                         001CE3  00001A  001CFD      39C6       0  CODE        2
                text33                         001CFD  00001A  001D17      39FA       0  CODE        2
                text14                         001D17  000021  001D38      3A2E       0  CODE        2
                text18                         001D38  000027  001D5F      3A70       0  CODE        2
                text35                         001D5F  000029  001D88      3ABE       0  CODE        2
                text11                         001D88  00002B  001DB3      3B10       0  CODE        2
                text28                         001DB3  00002C  001DDF      3B66       0  CODE        2
                text29                         001DDF  000037  001E16      3BBE       0  CODE        2
                text30                         001E16  00004A  001E60      3C2C       0  CODE        2
                text6                          001E60  00004B  001EAB      3CC0       0  CODE        2
                text12                         001EAB  00004E  001EF9      3D56       0  CODE        2
                text19                         001EF9  000051  001F4A      3DF2       0  CODE        2
                text31                         001F4A  00005B  001FA5      3E94       0  CODE        2
                text7                          001FA5  00005B  002000      3F4A       0  CODE        2
                config                         002007  000002  002009      400E       0  CONFIG      2


UNUSED ADDRESS RANGES

        Name                Unused          Largest block    Delta
        BANK2            00110-0016F              60           1
        BANK3            00194-001EF              5C           1
        CODE             00800-00801               2           2
                         010A3-010A4               2
                         01800-01C93             494
        CONST            00800-00801               2           2
                         010A3-010A4               2
                         01800-01C93             100
        EEDATA           02100-021FF             100           2
        ENTRY            00800-00801               2           2
                         010A3-010A4               2
                         01800-01C93             100
        IDLOC            02000-02003               4           2
        RAM              00110-0016F              60           1
                         00194-001EF              5C
        SFR0             00000-0001F              20           1
        SFR1             00080-0009F              20           1
        SFR2             00100-0010F              10           1
        SFR3             00180-0018F              10           1
        STACK            00110-0016F              60           1
        STRCODE          00800-00801               2           2
                         010A3-010A4               2
                         01800-01C93             494
        STRING           00800-00801               2           2
                         010A3-010A4               2
                         01800-01C93             100

                                  Symbol Table

?_ADC_Read                      cstackCOMMON 00070
?___aldiv                       cstackCOMMON 00070
?___altoft                      cstackBANK0  00026
?___awdiv                       cstackCOMMON 00077
?___awmod                       cstackCOMMON 00070
?___ftadd                       cstackBANK0  00050
?___ftdiv                       cstackBANK0  00020
?___ftmul                       cstackBANK0  00030
?___ftneg                       cstackCOMMON 00070
?___ftpack                      cstackCOMMON 00070
?___ftsub                       cstackBANK0  0005D
?___fttol                       cstackBANK0  00049
?___lldiv                       cstackCOMMON 00070
?___llmod                       cstackBANK0  00020
?___lltoft                      cstackCOMMON 00078
?___lwtoft                      cstackCOMMON 00078
?___wmul                        cstackCOMMON 00070
?__div_to_l_                    cstackCOMMON 00070
?__tdiv_to_l_                   cstackCOMMON 00070
?_fround                        cstackBANK0  00040
?_scale                         cstackBANK0  00040
?_sprintf                       cstackBANK0  00063
ADC_Read@channel                cstackCOMMON 00074
Lcd_Cmd@a                       cstackCOMMON 00073
Lcd_Port@a                      cstackCOMMON 00070
Lcd_Set_Cursor@a                cstackCOMMON 00077
Lcd_Set_Cursor@b                cstackCOMMON 00074
Lcd_Set_Cursor@temp             cstackCOMMON 0007A
Lcd_Set_Cursor@y                cstackCOMMON 00079
Lcd_Set_Cursor@z                cstackCOMMON 00078
Lcd_Write_Char@a                cstackCOMMON 00074
Lcd_Write_Char@temp             cstackCOMMON 00072
Lcd_Write_Char@y                cstackCOMMON 00073
Lcd_Write_String@a              cstackCOMMON 00075
Lcd_Write_String@i              cstackCOMMON 00079
PWM_Initialize@PWM_freq         cstackBANK0  0005D
PWM_Initialize@init_pulse_width cstackBANK0  00061
_ADCON0                         (abs)        0001F
_ADCON1                         (abs)        0009F
_ADC_Initialize                 text36       01CAD
_ADC_Read                       text35       01D5F
_ADRESH                         (abs)        0001E
_ADRESL                         (abs)        0009E
_ANSEL                          (abs)        00188
_ANSELH                         (abs)        00189
_ANSELbits                      (abs)        00188
_CCP1CONbits                    (abs)        00017
_CCPR1L                         (abs)        00015
_GO_nDONE                       (abs)        000F9
_Lcd_Clear                      text32       01C94
_Lcd_Cmd                        text33       01CFD
_Lcd_Init                       text31       01F4A
_Lcd_Port                       text34       01CE3
_Lcd_Set_Cursor                 text30       01E16
_Lcd_Write_Char                 text29       01DDF
_Lcd_Write_String               text28       01DB3
_PORTBbits                      (abs)        00006
_PORTCbits                      (abs)        00007
_PR2                            (abs)        00092
_PWM_Initialize                 text19       01EF9
_PWM_freq                       dataBANK3    00190
_RA1                            (abs)        00029
_RA2                            (abs)        0002A
_RB6                            (abs)        00036
_RB7                            (abs)        00037
_RC4                            (abs)        0003C
_RC5                            (abs)        0003D
_RC6                            (abs)        0003E
_RC7                            (abs)        0003F
_T2CONbits                      (abs)        00012
_TRISAbits                      (abs)        00085
_TRISB                          (abs)        00086
_TRISB2                         (abs)        00432
_TRISBbits                      (abs)        00086
_TRISC                          (abs)        00087
_TRISC2                         (abs)        0043A
_TRISCbits                      (abs)        00087
__CFG_BOR4V$BOR40V              (abs)        00000
__CFG_BOREN$OFF                 (abs)        00000
__CFG_CP$OFF                    (abs)        00000
__CFG_CPD$OFF                   (abs)        00000
__CFG_FCMEN$OFF                 (abs)        00000
__CFG_FOSC$INTRC_NOCLKOUT       (abs)        00000
__CFG_IESO$OFF                  (abs)        00000
__CFG_LVP$ON                    (abs)        00000
__CFG_MCLRE$ON                  (abs)        00000
__CFG_PWRTE$OFF                 (abs)        00000
__CFG_WDTE$OFF                  (abs)        00000
__CFG_WRT$OFF                   (abs)        00000
__Habs1                         abs1         00000
__Hbank0                        bank0        00000
__Hbank1                        bank1        00000
__Hbank2                        bank2        00000
__Hbank3                        bank3        00000
__HbssBANK1                     bssBANK1     00000
__Hcinit                        cinit        00800
__Hclrtext                      clrtext      00000
__Hcode                         code         00000
__Hcommon                       common       00000
__Hconfig                       config       02009
__HcstackBANK0                  cstackBANK0  00000
__HcstackBANK1                  cstackBANK1  00000
__HcstackCOMMON                 cstackCOMMON 00000
__HdataBANK1                    dataBANK1    00000
__HdataBANK3                    dataBANK3    00000
__Heeprom_data                  eeprom_data  00000
__Hend_init                     end_init     00003
__Hfunctab                      functab      00000
__HidataBANK1                   idataBANK1   00000
__HidataBANK3                   idataBANK3   00000
__Hidloc                        idloc        00000
__Hinit                         init         00000
__Hintentry                     intentry     00000
__Hmaintext                     maintext     00000
__Hpowerup                      powerup      00000
__Hram                          ram          00000
__Hreset_vec                    reset_vec    00000
__Hsfr0                         sfr0         00000
__Hsfr1                         sfr1         00000
__Hsfr2                         sfr2         00000
__Hsfr3                         sfr3         00000
__Hspace_0                      (abs)        02009
__Hspace_1                      (abs)        00194
__Hspace_2                      (abs)        00000
__Hspace_3                      (abs)        00000
__Hstack                        stack        00000
__Hstrings                      strings      00000
__Htext                         text         00000
__Labs1                         abs1         00000
__Lbank0                        bank0        00000
__Lbank1                        bank1        00000
__Lbank2                        bank2        00000
__Lbank3                        bank3        00000
__LbssBANK1                     bssBANK1     00000
__Lcinit                        cinit        007D2
__Lclrtext                      clrtext      00000
__Lcode                         code         00000
__Lcommon                       common       00000
__Lconfig                       config       02007
__LcstackBANK0                  cstackBANK0  00000
__LcstackBANK1                  cstackBANK1  00000
__LcstackCOMMON                 cstackCOMMON 00000
__LdataBANK1                    dataBANK1    00000
__LdataBANK3                    dataBANK3    00000
__Leeprom_data                  eeprom_data  00000
__Lend_init                     end_init     00000
__Lfunctab                      functab      00000
__LidataBANK1                   idataBANK1   00000
__LidataBANK3                   idataBANK3   00000
__Lidloc                        idloc        00000
__Linit                         init         00000
__Lintentry                     intentry     00000
__Lmaintext                     maintext     00000
__Lpowerup                      powerup      00000
__Lram                          ram          00000
__Lreset_vec                    reset_vec    00000
__Lsfr0                         sfr0         00000
__Lsfr1                         sfr1         00000
__Lsfr2                         sfr2         00000
__Lsfr3                         sfr3         00000
__Lspace_0                      (abs)        00000
__Lspace_1                      (abs)        00000
__Lspace_2                      (abs)        00000
__Lspace_3                      (abs)        00000
__Lstack                        stack        00000
__Lstrings                      strings      00000
__Ltext                         text         00000
__S0                            (abs)        02009
__S1                            (abs)        00194
__S2                            (abs)        00000
__S3                            (abs)        00000
___aldiv                        text27       01242
___aldiv@counter                cstackBANK0  00020
___aldiv@dividend               cstackCOMMON 00074
___aldiv@divisor                cstackCOMMON 00070
___aldiv@quotient               cstackBANK0  00022
___aldiv@sign                   cstackBANK0  00021
___altoft                       text25       010A9
___altoft@c                     cstackBANK0  00026
___altoft@exp                   cstackCOMMON 0007B
___altoft@sign                  cstackCOMMON 0007C
___awdiv                        text7        01FA5
___awdiv@counter                cstackBANK0  00020
___awdiv@dividend               cstackCOMMON 00079
___awdiv@divisor                cstackCOMMON 00077
___awdiv@quotient               cstackBANK0  00022
___awdiv@sign                   cstackBANK0  00021
___awmod                        text6        01E60
___awmod@counter                cstackCOMMON 00075
___awmod@dividend               cstackCOMMON 00072
___awmod@divisor                cstackCOMMON 00070
___awmod@sign                   cstackCOMMON 00076
___bmul                         text5        01CBC
___bmul@multiplicand            cstackBANK0  00024
___bmul@multiplier              cstackBANK0  00026
___bmul@product                 cstackBANK0  00025
___ftadd                        text15       015C5
___ftadd@exp1                   cstackBANK0  0005C
___ftadd@exp2                   cstackBANK0  0005B
___ftadd@f1                     cstackBANK0  00050
___ftadd@f2                     cstackBANK0  00053
___ftadd@sign                   cstackBANK0  0005A
___ftdiv                        text24       01377
___ftdiv@cntr                   cstackBANK0  0002A
___ftdiv@exp                    cstackBANK0  0002E
___ftdiv@f1                     cstackBANK0  00023
___ftdiv@f2                     cstackBANK0  00020
___ftdiv@f3                     cstackBANK0  0002B
___ftdiv@sign                   cstackBANK0  0002F
___ftge                         text17       010EB
___ftge@ff1                     cstackCOMMON 00070
___ftge@ff2                     cstackCOMMON 00073
___ftmul                        text23       014F2
___ftmul@cntr                   cstackBANK0  0003E
___ftmul@exp                    cstackBANK0  0003A
___ftmul@f1                     cstackBANK0  00030
___ftmul@f2                     cstackBANK0  00033
___ftmul@f3_as_product          cstackBANK0  0003B
___ftmul@sign                   cstackBANK0  0003F
___ftneg                        text16       00802
___ftneg@f1                     cstackCOMMON 00070
___ftpack                       text26       01148
___ftpack@arg                   cstackCOMMON 00070
___ftpack@exp                   cstackCOMMON 00073
___ftpack@sign                  cstackCOMMON 00074
___ftsub                        text14       01D17
___ftsub@f1                     cstackBANK0  00060
___ftsub@f2                     cstackBANK0  0005D
___fttol                        text22       011B4
___fttol@exp1                   cstackBANK0  00056
___fttol@f1                     cstackBANK0  00049
___fttol@lval                   cstackBANK0  00052
___fttol@sign1                  cstackBANK0  00051
___int_sp                       stack        00000
___latbits                      (abs)        00002
___lldiv                        text13       0080A
___lldiv@counter                cstackCOMMON 0007D
___lldiv@dividend               cstackCOMMON 00074
___lldiv@divisor                cstackCOMMON 00070
___lldiv@quotient               cstackCOMMON 00079
___llmod                        text12       01EAB
___llmod@counter                cstackBANK0  00029
___llmod@dividend               cstackBANK0  00024
___llmod@divisor                cstackBANK0  00020
___lltoft                       text11       01D88
___lltoft@c                     cstackCOMMON 00078
___lltoft@exp                   cstackCOMMON 0007D
___lwtoft                       text21       01CCF
___lwtoft@c                     cstackCOMMON 00078
___sp                           stack        00000
___wmul                         text10       00005
___wmul@multiplicand            cstackCOMMON 00072
___wmul@multiplier              cstackCOMMON 00070
___wmul@product                 cstackCOMMON 00074
__div_to_l_                     text9        016CE
__div_to_l_@cntr                cstackBANK0  00024
__div_to_l_@exp1                cstackBANK0  00025
__div_to_l_@f1                  cstackCOMMON 00070
__div_to_l_@f2                  cstackCOMMON 00073
__div_to_l_@quot                cstackBANK0  00020
__end_of_ADC_Initialize         text36       01CBC
__end_of_ADC_Read               text35       01D88
__end_of_Lcd_Clear              text32       01C9F
__end_of_Lcd_Cmd                text33       01D17
__end_of_Lcd_Init               text31       01FA5
__end_of_Lcd_Port               text34       01CFD
__end_of_Lcd_Set_Cursor         text30       01E60
__end_of_Lcd_Write_Char         text29       01E16
__end_of_Lcd_Write_String       text28       01DDF
__end_of_PWM_Initialize         text19       01F4A
__end_of___aldiv                text27       012D1
__end_of___altoft               text25       010EB
__end_of___awdiv                text7        02000
__end_of___awmod                text6        01EAB
__end_of___bmul                 text5        01CCF
__end_of___ftadd                text15       016CE
__end_of___ftdiv                text24       0142F
__end_of___ftge                 text17       01148
__end_of___ftmul                text23       015C5
__end_of___ftneg                text16       0080A
__end_of___ftpack               text26       011B4
__end_of___ftsub                text14       01D38
__end_of___fttol                text22       01242
__end_of___lldiv                text13       00868
__end_of___llmod                text12       01EF9
__end_of___lltoft               text11       01DB3
__end_of___lwtoft               text21       01CE3
__end_of___wmul                 text10       00026
__end_of__div_to_l_             text9        01800
__end_of__initialization        cinit        007FC
__end_of__npowers_              strings      0107C
__end_of__powers_               strings      01055
__end_of__stringtab             strings      01006
__end_of__tdiv_to_l_            text8        014F2
__end_of_dpowers                strings      0102E
__end_of_fround                 text4        00B68
__end_of_isdigit                text3        01CAD
__end_of_main                   maintext     00D65
__end_of_scale                  text2        01000
__end_of_set_H_bridge_pins      text18       01D5F
__end_of_set_PWM_duty_cycle     text20       01377
__end_of_sprintf                text1_split_1 009CB
__initialization                cinit        007D2
__npowers_                      strings      01055
__pbssBANK1                     bssBANK1     000EA
__pcstackBANK0                  cstackBANK0  00020
__pcstackBANK1                  cstackBANK1  000A0
__pcstackCOMMON                 cstackCOMMON 00070
__pdataBANK1                    dataBANK1    000EE
__pdataBANK3                    dataBANK3    00190
__pidataBANK1                   idataBANK1   00003
__pidataBANK3                   idataBANK3   010A5
__pmaintext                     maintext     00B68
__powers_                       strings      0102E
__pstrings                      strings      01000
__ptext1                        text1        00026
__ptext10                       text10       00005
__ptext11                       text11       01D88
__ptext12                       text12       01EAB
__ptext13                       text13       0080A
__ptext14                       text14       01D17
__ptext15                       text15       015C5
__ptext16                       text16       00802
__ptext17                       text17       010EB
__ptext18                       text18       01D38
__ptext19                       text19       01EF9
__ptext2                        text2        00D65
__ptext20                       text20       012D1
__ptext21                       text21       01CCF
__ptext22                       text22       011B4
__ptext23                       text23       014F2
__ptext24                       text24       01377
__ptext25                       text25       010A9
__ptext26                       text26       01148
__ptext27                       text27       01242
__ptext28                       text28       01DB3
__ptext29                       text29       01DDF
__ptext3                        text3        01C9F
__ptext30                       text30       01E16
__ptext31                       text31       01F4A
__ptext32                       text32       01C94
__ptext33                       text33       01CFD
__ptext34                       text34       01CE3
__ptext35                       text35       01D5F
__ptext36                       text36       01CAD
__ptext4                        text4        009CE
__ptext5                        text5        01CBC
__ptext6                        text6        01E60
__ptext7                        text7        01FA5
__ptext8                        text8        0142F
__ptext9                        text9        016CE
__size_of_ADC_Initialize        (abs)        00000
__size_of_ADC_Read              (abs)        00000
__size_of_Lcd_Clear             (abs)        00000
__size_of_Lcd_Cmd               (abs)        00000
__size_of_Lcd_Init              (abs)        00000
__size_of_Lcd_Port              (abs)        00000
__size_of_Lcd_Set_Cursor        (abs)        00000
__size_of_Lcd_Write_Char        (abs)        00000
__size_of_Lcd_Write_String      (abs)        00000
__size_of_PWM_Initialize        (abs)        00000
__size_of___aldiv               (abs)        00000
__size_of___altoft              (abs)        00000
__size_of___awdiv               (abs)        00000
__size_of___awmod               (abs)        00000
__size_of___bmul                (abs)        00000
__size_of___ftadd               (abs)        00000
__size_of___ftdiv               (abs)        00000
__size_of___ftge                (abs)        00000
__size_of___ftmul               (abs)        00000
__size_of___ftneg               (abs)        00000
__size_of___ftpack              (abs)        00000
__size_of___ftsub               (abs)        00000
__size_of___fttol               (abs)        00000
__size_of___lldiv               (abs)        00000
__size_of___llmod               (abs)        00000
__size_of___lltoft              (abs)        00000
__size_of___lwtoft              (abs)        00000
__size_of___wmul                (abs)        00000
__size_of__div_to_l_            (abs)        00000
__size_of__tdiv_to_l_           (abs)        00000
__size_of_fround                (abs)        00000
__size_of_isdigit               (abs)        00000
__size_of_main                  (abs)        00000
__size_of_scale                 (abs)        00000
__size_of_set_H_bridge_pins     (abs)        00000
__size_of_set_PWM_duty_cycle    (abs)        00000
__size_of_sprintf               (abs)        00000
__stringbase                    strings      01005
__stringtab                     strings      01000
__tdiv_to_l_                    text8        0142F
__tdiv_to_l_@cntr               cstackBANK0  00024
__tdiv_to_l_@exp1               cstackBANK0  00025
__tdiv_to_l_@f1                 cstackCOMMON 00070
__tdiv_to_l_@f2                 cstackCOMMON 00073
__tdiv_to_l_@quot               cstackBANK0  00020
_current_direction              bssBANK1     000ED
_dpowers                        strings      01006
_duty_LCD                       bssBANK1     000EA
_fround                         text4        009CE
_fround$848                     cstackBANK0  0004C
_fround$849                     cstackBANK0  00049
_init_pulse_width               dataBANK1    000EE
_isdigit                        text3        01C9F
_isdigit$624                    cstackCOMMON 00070
_main                           maintext     00B68
_scale                          text2        00D65
_scale$850                      cstackBANK0  00045
_set_H_bridge_pins              text18       01D38
_set_PWM_duty_cycle             text20       012D1
_sprintf                        text1        00026
_sprintf$851                    cstackBANK1  000A6
btemp                           (abs)        0007E
end_of_initialization           cinit        007FC
fround@prec                     cstackBANK0  0004F
intlevel0                       functab      00000
intlevel1                       functab      00000
intlevel2                       functab      00000
intlevel3                       functab      00000
intlevel4                       functab      00000
intlevel5                       functab      00000
isdigit@c                       cstackCOMMON 00071
main@adc_value                  cstackBANK1  000E5
main@dir_str                    cstackBANK1  000E7
main@duty_str                   cstackBANK1  000E0
main@freq                       cstackBANK1  000DE
main@line1                      cstackBANK1  000BE
main@line2                      cstackBANK1  000CE
main@pulse_width                cstackBANK1  000E8
pnum$text1                      (abs)        0000D
pnum$text1_split_1              (abs)        00031
psplit$0                        (abs)        D0031
reset_vec                       reset_vec    00000
scale@scl                       cstackBANK0  00048
set_PWM_duty_cycle@duty         cstackBANK0  00057
sprintf@ap                      cstackBANK1  000A9
sprintf@c                       cstackBANK1  000BD
sprintf@exp                     cstackBANK1  000B2
sprintf@f                       cstackBANK0  00065
sprintf@flag                    cstackBANK1  000B4
sprintf@fval                    cstackBANK1  000B8
sprintf@prec                    cstackBANK1  000BB
sprintf@sp                      cstackBANK0  00063
sprintf@tmpval                  cstackBANK1  000AA
sprintf@val                     cstackBANK1  000AE
sprintf@width                   cstackBANK1  000B6
stackhi                         (abs)        00000
stacklo                         (abs)        00000
start                           init         00000
start_initialization            cinit        007D2
wtemp0                          (abs)        0007E


FUNCTION INFORMATION:

 *************** function _main *****************
 Defined at:
		line 38 in file "main.c"
 Parameters:    Size  Location     Type
		None
 Auto vars:     Size  Location     Type
  dir_str         1   71[BANK1 ] unsigned char 
  duty_str        5   64[BANK1 ] unsigned char [5]
  line2          16   46[BANK1 ] unsigned char [16]
  line1          16   30[BANK1 ] unsigned char [16]
  pulse_width     2   72[BANK1 ] unsigned int 
  adc_value       2   69[BANK1 ] unsigned int 
  freq            2   62[BANK1 ] int 
 Return value:  Size  Location     Type
                  1    wreg      void 
 Registers used:
		wreg, fsr0l, fsr0h, status,2, status,0, btemp+1, pclath, cstack
 Tracked objects:
		On entry : 
		On exit  : 
		Unchanged: 
 Data sizes:     COMMON   BANK0   BANK1   BANK3   BANK2
      Params:         0       0       0       0       0
      Locals:         0       0      44       0       0
      Temps:          0       5       0       0       0
      Totals:         0       5      44       0       0
Total ram usage:       49 bytes
 Hardware stack levels required when called:    4
 This function calls:
		_ADC_Initialize
		_ADC_Read
		_Lcd_Clear
		_Lcd_Init
		_Lcd_Set_Cursor
		_Lcd_Write_String
		_PWM_Initialize
		___aldiv
		___ftdiv
		___lwtoft
		_set_H_bridge_pins
		_set_PWM_duty_cycle
		_sprintf
 This function is called by:
		Startup code after reset
 This function uses a non-reentrant model


 *************** function _sprintf *****************
 Defined at:
		line 492 in file "E:\software\pic\XC8\sources\common\doprnt.c"
 Parameters:    Size  Location     Type
  sp              2   67[BANK0 ] PTR unsigned char 
		 -> RAM(512), main@duty_str(5), main@line2(16), main@line1(16), 
  f               1   69[BANK0 ] PTR const unsigned char 
		 -> STR_4(3), STR_3(6), STR_2(18), STR_1(18), 
 Auto vars:     Size  Location     Type
  val             4   14[BANK1 ] unsigned long 
  tmpval          4   10[BANK1 ] struct .
  fval            3   24[BANK1 ] struct .
  prec            2   27[BANK1 ] int 
  width           2   22[BANK1 ] int 
  flag            2   20[BANK1 ] unsigned short 
  exp             2   18[BANK1 ] int 
  cp              2    0        PTR const unsigned char 
  len             2    0        unsigned int 
  c               1   29[BANK1 ] char 
  ap              1    9[BANK1 ] PTR void [1]
		 -> ?_sprintf(2), 
  d               1    0        unsigned char 
 Return value:  Size  Location     Type
                  2   67[BANK0 ] int 
 Registers used:
		wreg, fsr0l, fsr0h, status,2, status,0, btemp+1, pclath, cstack
 Tracked objects:
		On entry : 
		On exit  : 
		Unchanged: 
 Data sizes:     COMMON   BANK0   BANK1   BANK3   BANK2
      Params:         0       8       0       0       0
      Locals:         0       0      24       0       0
      Temps:          0       0       6       0       0
      Totals:         0       8      30       0       0
Total ram usage:       38 bytes
 Hardware stack levels used:    1
 Hardware stack levels required when called:    3
 This function calls:
		___awdiv
		___ftadd
		___ftge
		___ftmul
		___ftneg
		___ftsub
		___fttol
		___lldiv
		___llmod
		___lltoft
		___wmul
		__div_to_l_
		__tdiv_to_l_
		_fround
		_isdigit
		_scale
 This function is called by:
		_main
 This function uses a non-reentrant model


 *************** function _scale *****************
 Defined at:
		line 425 in file "E:\software\pic\XC8\sources\common\doprnt.c"
 Parameters:    Size  Location     Type
  scl             1    wreg     char 
 Auto vars:     Size  Location     Type
  scl             1   40[BANK0 ] char 
 Return value:  Size  Location     Type
                  3   32[BANK0 ] char 
 Registers used:
		wreg, fsr0l, fsr0h, status,2, status,0, pclath, cstack
 Tracked objects:
		On entry : 
		On exit  : 
		Unchanged: 
 Data sizes:     COMMON   BANK0   BANK1   BANK3   BANK2
      Params:         0       3       0       0       0
      Locals:         0       4       0       0       0
      Temps:          0       2       0       0       0
      Totals:         0       9       0       0       0
Total ram usage:        9 bytes
 Hardware stack levels used:    1
 Hardware stack levels required when called:    2
 This function calls:
		___awdiv
		___awmod
		___bmul
		___ftmul
 This function is called by:
		_sprintf
 This function uses a non-reentrant model


 *************** function _isdigit *****************
 Defined at:
		line 8 in file "E:\software\pic\XC8\sources\common\isdigit.c"
 Parameters:    Size  Location     Type
  c               1    wreg     unsigned char 
 Auto vars:     Size  Location     Type
  c               1    1[COMMON] unsigned char 
 Return value:  Size  Location     Type
		None               void
 Registers used:
		wreg, status,2, status,0
 Tracked objects:
		On entry : 
		On exit  : 
		Unchanged: 
 Data sizes:     COMMON   BANK0   BANK1   BANK3   BANK2
      Params:         0       0       0       0       0
      Locals:         2       0       0       0       0
      Temps:          0       0       0       0       0
      Totals:         2       0       0       0       0
Total ram usage:        2 bytes
 Hardware stack levels used:    1
 This function calls:
		Nothing
 This function is called by:
		_sprintf
 This function uses a non-reentrant model


 *************** function _fround *****************
 Defined at:
		line 409 in file "E:\software\pic\XC8\sources\common\doprnt.c"
 Parameters:    Size  Location     Type
  prec            1    wreg     unsigned char 
 Auto vars:     Size  Location     Type
  prec            1   47[BANK0 ] unsigned char 
 Return value:  Size  Location     Type
                  3   32[BANK0 ] unsigned char 
 Registers used:
		wreg, fsr0l, fsr0h, status,2, status,0, pclath, cstack
 Tracked objects:
		On entry : 
		On exit  : 
		Unchanged: 
 Data sizes:     COMMON   BANK0   BANK1   BANK3   BANK2
      Params:         0       3       0       0       0
      Locals:         0       7       0       0       0
      Temps:          0       6       0       0       0
      Totals:         0      16       0       0       0
Total ram usage:       16 bytes
 Hardware stack levels used:    1
 Hardware stack levels required when called:    2
 This function calls:
		___awdiv
		___awmod
		___bmul
		___ftmul
 This function is called by:
		_sprintf
 This function uses a non-reentrant model


 *************** function ___bmul *****************
 Defined at:
		line 4 in file "E:\software\pic\XC8\sources\common\Umul8.c"
 Parameters:    Size  Location     Type
  multiplier      1    wreg     unsigned char 
  multiplicand    1    4[BANK0 ] unsigned char 
 Auto vars:     Size  Location     Type
  multiplier      1    6[BANK0 ] unsigned char 
  product         1    5[BANK0 ] unsigned char 
 Return value:  Size  Location     Type
                  1    wreg      unsigned char 
 Registers used:
		wreg, status,2, status,0
 Tracked objects:
		On entry : 
		On exit  : 
		Unchanged: 
 Data sizes:     COMMON   BANK0   BANK1   BANK3   BANK2
      Params:         0       1       0       0       0
      Locals:         0       2       0       0       0
      Temps:          1       0       0       0       0
      Totals:         1       3       0       0       0
Total ram usage:        4 bytes
 Hardware stack levels used:    1
 This function calls:
		Nothing
 This function is called by:
		_fround
		_scale
 This function uses a non-reentrant model


 *************** function ___awmod *****************
 Defined at:
		line 6 in file "E:\software\pic\XC8\sources\common\awmod.c"
 Parameters:    Size  Location     Type
  divisor         2    0[COMMON] int 
  dividend        2    2[COMMON] int 
 Auto vars:     Size  Location     Type
  sign            1    6[COMMON] unsigned char 
  counter         1    5[COMMON] unsigned char 
 Return value:  Size  Location     Type
                  2    0[COMMON] int 
 Registers used:
		wreg, status,2, status,0
 Tracked objects:
		On entry : 
		On exit  : 
		Unchanged: 
 Data sizes:     COMMON   BANK0   BANK1   BANK3   BANK2
      Params:         4       0       0       0       0
      Locals:         2       0       0       0       0
      Temps:          1       0       0       0       0
      Totals:         7       0       0       0       0
Total ram usage:        7 bytes
 Hardware stack levels used:    1
 This function calls:
		Nothing
 This function is called by:
		_fround
		_scale
 This function uses a non-reentrant model


 *************** function ___awdiv *****************
 Defined at:
		line 6 in file "E:\software\pic\XC8\sources\common\awdiv.c"
 Parameters:    Size  Location     Type
  divisor         2    7[COMMON] int 
  dividend        2    9[COMMON] int 
 Auto vars:     Size  Location     Type
  quotient        2    2[BANK0 ] int 
  sign            1    1[BANK0 ] unsigned char 
  counter         1    0[BANK0 ] unsigned char 
 Return value:  Size  Location     Type
                  2    7[COMMON] int 
 Registers used:
		wreg, status,2, status,0
 Tracked objects:
		On entry : 
		On exit  : 
		Unchanged: 
 Data sizes:     COMMON   BANK0   BANK1   BANK3   BANK2
      Params:         4       0       0       0       0
      Locals:         0       4       0       0       0
      Temps:          1       0       0       0       0
      Totals:         5       4       0       0       0
Total ram usage:        9 bytes
 Hardware stack levels used:    1
 This function calls:
		Nothing
 This function is called by:
		_fround
		_scale
		_sprintf
 This function uses a non-reentrant model


 *************** function __tdiv_to_l_ *****************
 Defined at:
		line 60 in file "E:\software\pic\XC8\sources\common\ftdivl.c"
 Parameters:    Size  Location     Type
  f1              3    0[COMMON] float 
  f2              3    3[COMMON] float 
 Auto vars:     Size  Location     Type
  quot            4    0[BANK0 ] unsigned long 
  exp1            1    5[BANK0 ] unsigned char 
  cntr            1    4[BANK0 ] unsigned char 
 Return value:  Size  Location     Type
                  4    0[COMMON] unsigned long 
 Registers used:
		wreg, status,2, status,0
 Tracked objects:
		On entry : 
		On exit  : 
		Unchanged: 
 Data sizes:     COMMON   BANK0   BANK1   BANK3   BANK2
      Params:         6       0       0       0       0
      Locals:         0       6       0       0       0
      Temps:          4       0       0       0       0
      Totals:        10       6       0       0       0
Total ram usage:       16 bytes
 Hardware stack levels used:    1
 This function calls:
		Nothing
 This function is called by:
		_sprintf
 This function uses a non-reentrant model


 *************** function __div_to_l_ *****************
 Defined at:
		line 60 in file "E:\software\pic\XC8\sources\common\fldivl.c"
 Parameters:    Size  Location     Type
  f1              3    0[COMMON] unsigned long 
  f2              3    3[COMMON] unsigned long 
 Auto vars:     Size  Location     Type
  quot            4    0[BANK0 ] unsigned long 
  exp1            1    5[BANK0 ] unsigned char 
  cntr            1    4[BANK0 ] unsigned char 
 Return value:  Size  Location     Type
                  4    0[COMMON] unsigned long 
 Registers used:
		wreg, fsr0l, fsr0h, status,2, status,0
 Tracked objects:
		On entry : 
		On exit  : 
		Unchanged: 
 Data sizes:     COMMON   BANK0   BANK1   BANK3   BANK2
      Params:         6       0       0       0       0
      Locals:         0       6       0       0       0
      Temps:          8       0       0       0       0
      Totals:        14       6       0       0       0
Total ram usage:       20 bytes
 Hardware stack levels used:    1
 This function calls:
		Nothing
 This function is called by:
		_sprintf
 This function uses a non-reentrant model


 *************** function ___wmul *****************
 Defined at:
		line 15 in file "E:\software\pic\XC8\sources\common\Umul16.c"
 Parameters:    Size  Location     Type
  multiplier      2    0[COMMON] unsigned int 
  multiplicand    2    2[COMMON] unsigned int 
 Auto vars:     Size  Location     Type
  product         2    4[COMMON] unsigned int 
 Return value:  Size  Location     Type
                  2    0[COMMON] unsigned int 
 Registers used:
		wreg, status,2, status,0
 Tracked objects:
		On entry : 
		On exit  : 
		Unchanged: 
 Data sizes:     COMMON   BANK0   BANK1   BANK3   BANK2
      Params:         4       0       0       0       0
      Locals:         2       0       0       0       0
      Temps:          0       0       0       0       0
      Totals:         6       0       0       0       0
Total ram usage:        6 bytes
 Hardware stack levels used:    1
 This function calls:
		Nothing
 This function is called by:
		_sprintf
 This function uses a non-reentrant model


 *************** function ___lltoft *****************
 Defined at:
		line 35 in file "E:\software\pic\XC8\sources\common\lltoft.c"
 Parameters:    Size  Location     Type
  c               4    8[COMMON] unsigned long 
 Auto vars:     Size  Location     Type
  exp             1   13[COMMON] unsigned char 
 Return value:  Size  Location     Type
                  3    8[COMMON] float 
 Registers used:
		wreg, status,2, status,0, pclath, cstack
 Tracked objects:
		On entry : 
		On exit  : 
		Unchanged: 
 Data sizes:     COMMON   BANK0   BANK1   BANK3   BANK2
      Params:         4       0       0       0       0
      Locals:         1       0       0       0       0
      Temps:          1       0       0       0       0
      Totals:         6       0       0       0       0
Total ram usage:        6 bytes
 Hardware stack levels used:    1
 Hardware stack levels required when called:    1
 This function calls:
		___ftpack
 This function is called by:
		_sprintf
 This function uses a non-reentrant model


 *************** function ___llmod *****************
 Defined at:
		line 6 in file "E:\software\pic\XC8\sources\common\llmod.c"
 Parameters:    Size  Location     Type
  divisor         4    0[BANK0 ] unsigned long 
  dividend        4    4[BANK0 ] unsigned long 
 Auto vars:     Size  Location     Type
  counter         1    9[BANK0 ] unsigned char 
 Return value:  Size  Location     Type
                  4    0[BANK0 ] unsigned long 
 Registers used:
		wreg, status,2, status,0
 Tracked objects:
		On entry : 
		On exit  : 
		Unchanged: 
 Data sizes:     COMMON   BANK0   BANK1   BANK3   BANK2
      Params:         0       8       0       0       0
      Locals:         0       1       0       0       0
      Temps:          0       1       0       0       0
      Totals:         0      10       0       0       0
Total ram usage:       10 bytes
 Hardware stack levels used:    1
 This function calls:
		Nothing
 This function is called by:
		_sprintf
 This function uses a non-reentrant model


 *************** function ___lldiv *****************
 Defined at:
		line 6 in file "E:\software\pic\XC8\sources\common\lldiv.c"
 Parameters:    Size  Location     Type
  divisor         4    0[COMMON] unsigned long 
  dividend        4    4[COMMON] unsigned long 
 Auto vars:     Size  Location     Type
  quotient        4    9[COMMON] unsigned long 
  counter         1   13[COMMON] unsigned char 
 Return value:  Size  Location     Type
                  4    0[COMMON] unsigned long 
 Registers used:
		wreg, status,2, status,0
 Tracked objects:
		On entry : 
		On exit  : 
		Unchanged: 
 Data sizes:     COMMON   BANK0   BANK1   BANK3   BANK2
      Params:         8       0       0       0       0
      Locals:         5       0       0       0       0
      Temps:          1       0       0       0       0
      Totals:        14       0       0       0       0
Total ram usage:       14 bytes
 Hardware stack levels used:    1
 This function calls:
		Nothing
 This function is called by:
		_sprintf
 This function uses a non-reentrant model


 *************** function ___ftsub *****************
 Defined at:
		line 18 in file "E:\software\pic\XC8\sources\common\ftsub.c"
 Parameters:    Size  Location     Type
  f2              3   61[BANK0 ] float 
  f1              3   64[BANK0 ] float 
 Auto vars:     Size  Location     Type
		None
 Return value:  Size  Location     Type
                  3   61[BANK0 ] float 
 Registers used:
		wreg, status,2, status,0, pclath, cstack
 Tracked objects:
		On entry : 
		On exit  : 
		Unchanged: 
 Data sizes:     COMMON   BANK0   BANK1   BANK3   BANK2
      Params:         0       6       0       0       0
      Locals:         0       0       0       0       0
      Temps:          0       0       0       0       0
      Totals:         0       6       0       0       0
Total ram usage:        6 bytes
 Hardware stack levels used:    1
 Hardware stack levels required when called:    2
 This function calls:
		___ftadd
 This function is called by:
		_sprintf
 This function uses a non-reentrant model


 *************** function ___ftadd *****************
 Defined at:
		line 86 in file "E:\software\pic\XC8\sources\common\ftadd.c"
 Parameters:    Size  Location     Type
  f1              3   48[BANK0 ] float 
  f2              3   51[BANK0 ] float 
 Auto vars:     Size  Location     Type
  exp1            1   60[BANK0 ] unsigned char 
  exp2            1   59[BANK0 ] unsigned char 
  sign            1   58[BANK0 ] unsigned char 
 Return value:  Size  Location     Type
                  3   48[BANK0 ] float 
 Registers used:
		wreg, status,2, status,0, pclath, cstack
 Tracked objects:
		On entry : 
		On exit  : 
		Unchanged: 
 Data sizes:     COMMON   BANK0   BANK1   BANK3   BANK2
      Params:         0       6       0       0       0
      Locals:         0       3       0       0       0
      Temps:          0       4       0       0       0
      Totals:         0      13       0       0       0
Total ram usage:       13 bytes
 Hardware stack levels used:    1
 Hardware stack levels required when called:    1
 This function calls:
		___ftpack
 This function is called by:
		_sprintf
		___ftsub
 This function uses a non-reentrant model


 *************** function ___ftneg *****************
 Defined at:
		line 15 in file "E:\software\pic\XC8\sources\common\ftneg.c"
 Parameters:    Size  Location     Type
  f1              3    0[COMMON] float 
 Auto vars:     Size  Location     Type
		None
 Return value:  Size  Location     Type
                  3    0[COMMON] float 
 Registers used:
		wreg
 Tracked objects:
		On entry : 
		On exit  : 
		Unchanged: 
 Data sizes:     COMMON   BANK0   BANK1   BANK3   BANK2
      Params:         3       0       0       0       0
      Locals:         0       0       0       0       0
      Temps:          0       0       0       0       0
      Totals:         3       0       0       0       0
Total ram usage:        3 bytes
 Hardware stack levels used:    1
 This function calls:
		Nothing
 This function is called by:
		_sprintf
 This function uses a non-reentrant model


 *************** function ___ftge *****************
 Defined at:
		line 4 in file "E:\software\pic\XC8\sources\common\ftge.c"
 Parameters:    Size  Location     Type
  ff1             3    0[COMMON] float 
  ff2             3    3[COMMON] float 
 Auto vars:     Size  Location     Type
		None
 Return value:  Size  Location     Type
		None               void
 Registers used:
		wreg, status,2, status,0
 Tracked objects:
		On entry : 
		On exit  : 
		Unchanged: 
 Data sizes:     COMMON   BANK0   BANK1   BANK3   BANK2
      Params:         6       0       0       0       0
      Locals:         0       0       0       0       0
      Temps:          6       0       0       0       0
      Totals:        12       0       0       0       0
Total ram usage:       12 bytes
 Hardware stack levels used:    1
 This function calls:
		Nothing
 This function is called by:
		_sprintf
 This function uses a non-reentrant model


 *************** function _set_H_bridge_pins *****************
 Defined at:
		line 160 in file "main.c"
 Parameters:    Size  Location     Type
		None
 Auto vars:     Size  Location     Type
		None
 Return value:  Size  Location     Type
                  1    wreg      void 
 Registers used:
		wreg, status,2, status,0
 Tracked objects:
		On entry : 
		On exit  : 
		Unchanged: 
 Data sizes:     COMMON   BANK0   BANK1   BANK3   BANK2
      Params:         0       0       0       0       0
      Locals:         0       0       0       0       0
      Temps:          0       0       0       0       0
      Totals:         0       0       0       0       0
Total ram usage:        0 bytes
 Hardware stack levels used:    1
 This function calls:
		Nothing
 This function is called by:
		_main
 This function uses a non-reentrant model


 *************** function _PWM_Initialize *****************
 Defined at:
		line 113 in file "main.c"
 Parameters:    Size  Location     Type
  PWM_freq        4   61[BANK0 ] long 
  init_pulse_w    2   65[BANK0 ] unsigned int 
 Auto vars:     Size  Location     Type
		None
 Return value:  Size  Location     Type
                  1    wreg      void 
 Registers used:
		wreg, status,2, status,0, pclath, cstack
 Tracked objects:
		On entry : 
		On exit  : 
		Unchanged: 
 Data sizes:     COMMON   BANK0   BANK1   BANK3   BANK2
      Params:         0       6       0       0       0
      Locals:         0       0       0       0       0
      Temps:          0       4       0       0       0
      Totals:         0      10       0       0       0
Total ram usage:       10 bytes
 Hardware stack levels used:    1
 Hardware stack levels required when called:    3
 This function calls:
		___aldiv
		_set_PWM_duty_cycle
 This function is called by:
		_main
 This function uses a non-reentrant model


 *************** function _set_PWM_duty_cycle *****************
 Defined at:
		line 132 in file "main.c"
 Parameters:    Size  Location     Type
  duty            2   55[BANK0 ] unsigned int 
 Auto vars:     Size  Location     Type
		None
 Return value:  Size  Location     Type
                  1    wreg      void 
 Registers used:
		wreg, status,2, status,0, pclath, cstack
 Tracked objects:
		On entry : 
		On exit  : 
		Unchanged: 
 Data sizes:     COMMON   BANK0   BANK1   BANK3   BANK2
      Params:         0       2       0       0       0
      Locals:         0       0       0       0       0
      Temps:          0       4       0       0       0
      Totals:         0       6       0       0       0
Total ram usage:        6 bytes
 Hardware stack levels used:    1
 Hardware stack levels required when called:    2
 This function calls:
		___aldiv
		___altoft
		___ftdiv
		___ftmul
		___fttol
		___lwtoft
 This function is called by:
		_main
		_PWM_Initialize
 This function uses a non-reentrant model


 *************** function ___lwtoft *****************
 Defined at:
		line 28 in file "E:\software\pic\XC8\sources\common\lwtoft.c"
 Parameters:    Size  Location     Type
  c               2    8[COMMON] unsigned int 
 Auto vars:     Size  Location     Type
		None
 Return value:  Size  Location     Type
                  3    8[COMMON] float 
 Registers used:
		wreg, status,2, status,0, pclath, cstack
 Tracked objects:
		On entry : 
		On exit  : 
		Unchanged: 
 Data sizes:     COMMON   BANK0   BANK1   BANK3   BANK2
      Params:         3       0       0       0       0
      Locals:         0       0       0       0       0
      Temps:          1       0       0       0       0
      Totals:         4       0       0       0       0
Total ram usage:        4 bytes
 Hardware stack levels used:    1
 Hardware stack levels required when called:    1
 This function calls:
		___ftpack
 This function is called by:
		_main
		_set_PWM_duty_cycle
 This function uses a non-reentrant model


 *************** function ___fttol *****************
 Defined at:
		line 44 in file "E:\software\pic\XC8\sources\common\fttol.c"
 Parameters:    Size  Location     Type
  f1              3   41[BANK0 ] float 
 Auto vars:     Size  Location     Type
  lval            4   50[BANK0 ] unsigned long 
  exp1            1   54[BANK0 ] unsigned char 
  sign1           1   49[BANK0 ] unsigned char 
 Return value:  Size  Location     Type
                  4   41[BANK0 ] long 
 Registers used:
		wreg, status,2, status,0
 Tracked objects:
		On entry : 
		On exit  : 
		Unchanged: 
 Data sizes:     COMMON   BANK0   BANK1   BANK3   BANK2
      Params:         0       4       0       0       0
      Locals:         0       6       0       0       0
      Temps:          0       4       0       0       0
      Totals:         0      14       0       0       0
Total ram usage:       14 bytes
 Hardware stack levels used:    1
 This function calls:
		Nothing
 This function is called by:
		_set_PWM_duty_cycle
		_sprintf
 This function uses a non-reentrant model


 *************** function ___ftmul *****************
 Defined at:
		line 62 in file "E:\software\pic\XC8\sources\common\ftmul.c"
 Parameters:    Size  Location     Type
  f1              3   16[BANK0 ] float 
  f2              3   19[BANK0 ] float 
 Auto vars:     Size  Location     Type
  f3_as_produc    3   27[BANK0 ] unsigned um
  sign            1   31[BANK0 ] unsigned char 
  cntr            1   30[BANK0 ] unsigned char 
  exp             1   26[BANK0 ] unsigned char 
 Return value:  Size  Location     Type
                  3   16[BANK0 ] float 
 Registers used:
		wreg, status,2, status,0, pclath, cstack
 Tracked objects:
		On entry : 
		On exit  : 
		Unchanged: 
 Data sizes:     COMMON   BANK0   BANK1   BANK3   BANK2
      Params:         0       6       0       0       0
      Locals:         0       6       0       0       0
      Temps:          0       4       0       0       0
      Totals:         0      16       0       0       0
Total ram usage:       16 bytes
 Hardware stack levels used:    1
 Hardware stack levels required when called:    1
 This function calls:
		___ftpack
 This function is called by:
		_set_PWM_duty_cycle
		_fround
		_scale
		_sprintf
 This function uses a non-reentrant model


 *************** function ___ftdiv *****************
 Defined at:
		line 56 in file "E:\software\pic\XC8\sources\common\ftdiv.c"
 Parameters:    Size  Location     Type
  f2              3    0[BANK0 ] float 
  f1              3    3[BANK0 ] float 
 Auto vars:     Size  Location     Type
  f3              3   11[BANK0 ] float 
  sign            1   15[BANK0 ] unsigned char 
  exp             1   14[BANK0 ] unsigned char 
  cntr            1   10[BANK0 ] unsigned char 
 Return value:  Size  Location     Type
                  3    0[BANK0 ] float 
 Registers used:
		wreg, status,2, status,0, pclath, cstack
 Tracked objects:
		On entry : 
		On exit  : 
		Unchanged: 
 Data sizes:     COMMON   BANK0   BANK1   BANK3   BANK2
      Params:         0       6       0       0       0
      Locals:         0       6       0       0       0
      Temps:          0       4       0       0       0
      Totals:         0      16       0       0       0
Total ram usage:       16 bytes
 Hardware stack levels used:    1
 Hardware stack levels required when called:    1
 This function calls:
		___ftpack
 This function is called by:
		_main
		_set_PWM_duty_cycle
 This function uses a non-reentrant model


 *************** function ___altoft *****************
 Defined at:
		line 42 in file "E:\software\pic\XC8\sources\common\altoft.c"
 Parameters:    Size  Location     Type
  c               4    6[BANK0 ] long 
 Auto vars:     Size  Location     Type
  sign            1   12[COMMON] unsigned char 
  exp             1   11[COMMON] unsigned char 
 Return value:  Size  Location     Type
                  3    6[BANK0 ] float 
 Registers used:
		wreg, status,2, status,0, pclath, cstack
 Tracked objects:
		On entry : 
		On exit  : 
		Unchanged: 
 Data sizes:     COMMON   BANK0   BANK1   BANK3   BANK2
      Params:         0       4       0       0       0
      Locals:         2       0       0       0       0
      Temps:          2       0       0       0       0
      Totals:         4       4       0       0       0
Total ram usage:        8 bytes
 Hardware stack levels used:    1
 Hardware stack levels required when called:    1
 This function calls:
		___ftpack
 This function is called by:
		_set_PWM_duty_cycle
 This function uses a non-reentrant model


 *************** function ___ftpack *****************
 Defined at:
		line 62 in file "E:\software\pic\XC8\sources\common\float.c"
 Parameters:    Size  Location     Type
  arg             3    0[COMMON] unsigned um
  exp             1    3[COMMON] unsigned char 
  sign            1    4[COMMON] unsigned char 
 Auto vars:     Size  Location     Type
		None
 Return value:  Size  Location     Type
                  3    0[COMMON] float 
 Registers used:
		wreg, status,2, status,0
 Tracked objects:
		On entry : 
		On exit  : 
		Unchanged: 
 Data sizes:     COMMON   BANK0   BANK1   BANK3   BANK2
      Params:         5       0       0       0       0
      Locals:         0       0       0       0       0
      Temps:          3       0       0       0       0
      Totals:         8       0       0       0       0
Total ram usage:        8 bytes
 Hardware stack levels used:    1
 This function calls:
		Nothing
 This function is called by:
		___altoft
		___ftadd
		___ftdiv
		___ftmul
		___lltoft
		___lwtoft
 This function uses a non-reentrant model


 *************** function ___aldiv *****************
 Defined at:
		line 6 in file "E:\software\pic\XC8\sources\common\aldiv.c"
 Parameters:    Size  Location     Type
  divisor         4    0[COMMON] long 
  dividend        4    4[COMMON] long 
 Auto vars:     Size  Location     Type
  quotient        4    2[BANK0 ] long 
  sign            1    1[BANK0 ] unsigned char 
  counter         1    0[BANK0 ] unsigned char 
 Return value:  Size  Location     Type
                  4    0[COMMON] long 
 Registers used:
		wreg, status,2, status,0
 Tracked objects:
		On entry : 
		On exit  : 
		Unchanged: 
 Data sizes:     COMMON   BANK0   BANK1   BANK3   BANK2
      Params:         8       0       0       0       0
      Locals:         0       6       0       0       0
      Temps:          1       0       0       0       0
      Totals:         9       6       0       0       0
Total ram usage:       15 bytes
 Hardware stack levels used:    1
 This function calls:
		Nothing
 This function is called by:
		_main
		_PWM_Initialize
		_set_PWM_duty_cycle
 This function uses a non-reentrant model


 *************** function _Lcd_Write_String *****************
 Defined at:
		line 95 in file "lcd.h"
 Parameters:    Size  Location     Type
  a               2    5[COMMON] PTR unsigned char 
		 -> RAM(512), main@duty_str(5), main@line2(16), main@line1(16), 
 Auto vars:     Size  Location     Type
  i               2    9[COMMON] int 
 Return value:  Size  Location     Type
                  1    wreg      void 
 Registers used:
		wreg, fsr0l, fsr0h, status,2, status,0, pclath, cstack
 Tracked objects:
		On entry : 
		On exit  : 
		Unchanged: 
 Data sizes:     COMMON   BANK0   BANK1   BANK3   BANK2
      Params:         2       0       0       0       0
      Locals:         2       0       0       0       0
      Temps:          2       0       0       0       0
      Totals:         6       0       0       0       0
Total ram usage:        6 bytes
 Hardware stack levels used:    1
 Hardware stack levels required when called:    2
 This function calls:
		_Lcd_Write_Char
 This function is called by:
		_main
 This function uses a non-reentrant model


 *************** function _Lcd_Write_Char *****************
 Defined at:
		line 79 in file "lcd.h"
 Parameters:    Size  Location     Type
  a               1    wreg     unsigned char 
 Auto vars:     Size  Location     Type
  a               1    4[COMMON] unsigned char 
  y               1    3[COMMON] unsigned char 
  temp            1    2[COMMON] unsigned char 
 Return value:  Size  Location     Type
                  1    wreg      void 
 Registers used:
		wreg, status,2, status,0, pclath, cstack
 Tracked objects:
		On entry : 
		On exit  : 
		Unchanged: 
 Data sizes:     COMMON   BANK0   BANK1   BANK3   BANK2
      Params:         0       0       0       0       0
      Locals:         3       0       0       0       0
      Temps:          1       0       0       0       0
      Totals:         4       0       0       0       0
Total ram usage:        4 bytes
 Hardware stack levels used:    1
 Hardware stack levels required when called:    1
 This function calls:
		_Lcd_Port
 This function is called by:
		_Lcd_Write_String
 This function uses a non-reentrant model


 *************** function _Lcd_Set_Cursor *****************
 Defined at:
		line 39 in file "lcd.h"
 Parameters:    Size  Location     Type
  a               1    wreg     unsigned char 
  b               1    4[COMMON] unsigned char 
 Auto vars:     Size  Location     Type
  a               1    7[COMMON] unsigned char 
  temp            1   10[COMMON] unsigned char 
  y               1    9[COMMON] unsigned char 
  z               1    8[COMMON] unsigned char 
 Return value:  Size  Location     Type
                  1    wreg      void 
 Registers used:
		wreg, status,2, status,0, pclath, cstack
 Tracked objects:
		On entry : 
		On exit  : 
		Unchanged: 
 Data sizes:     COMMON   BANK0   BANK1   BANK3   BANK2
      Params:         1       0       0       0       0
      Locals:         4       0       0       0       0
      Temps:          2       0       0       0       0
      Totals:         7       0       0       0       0
Total ram usage:        7 bytes
 Hardware stack levels used:    1
 Hardware stack levels required when called:    2
 This function calls:
		_Lcd_Cmd
 This function is called by:
		_main
 This function uses a non-reentrant model


 *************** function _Lcd_Init *****************
 Defined at:
		line 60 in file "lcd.h"
 Parameters:    Size  Location     Type
		None
 Auto vars:     Size  Location     Type
		None
 Return value:  Size  Location     Type
                  1    wreg      void 
 Registers used:
		wreg, status,2, status,0, pclath, cstack
 Tracked objects:
		On entry : 
		On exit  : 
		Unchanged: 
 Data sizes:     COMMON   BANK0   BANK1   BANK3   BANK2
      Params:         0       0       0       0       0
      Locals:         0       0       0       0       0
      Temps:          2       0       0       0       0
      Totals:         2       0       0       0       0
Total ram usage:        2 bytes
 Hardware stack levels used:    1
 Hardware stack levels required when called:    2
 This function calls:
		_Lcd_Cmd
		_Lcd_Port
 This function is called by:
		_main
 This function uses a non-reentrant model


 *************** function _Lcd_Clear *****************
 Defined at:
		line 32 in file "lcd.h"
 Parameters:    Size  Location     Type
		None
 Auto vars:     Size  Location     Type
		None
 Return value:  Size  Location     Type
                  1    wreg      void 
 Registers used:
		wreg, status,2, status,0, pclath, cstack
 Tracked objects:
		On entry : 
		On exit  : 
		Unchanged: 
 Data sizes:     COMMON   BANK0   BANK1   BANK3   BANK2
      Params:         0       0       0       0       0
      Locals:         0       0       0       0       0
      Temps:          0       0       0       0       0
      Totals:         0       0       0       0       0
Total ram usage:        0 bytes
 Hardware stack levels used:    1
 Hardware stack levels required when called:    2
 This function calls:
		_Lcd_Cmd
 This function is called by:
		_main
 This function uses a non-reentrant model


 *************** function _Lcd_Cmd *****************
 Defined at:
		line 23 in file "lcd.h"
 Parameters:    Size  Location     Type
  a               1    wreg     unsigned char 
 Auto vars:     Size  Location     Type
  a               1    3[COMMON] unsigned char 
 Return value:  Size  Location     Type
                  1    wreg      void 
 Registers used:
		wreg, status,2, status,0, pclath, cstack
 Tracked objects:
		On entry : 
		On exit  : 
		Unchanged: 
 Data sizes:     COMMON   BANK0   BANK1   BANK3   BANK2
      Params:         0       0       0       0       0
      Locals:         1       0       0       0       0
      Temps:          2       0       0       0       0
      Totals:         3       0       0       0       0
Total ram usage:        3 bytes
 Hardware stack levels used:    1
 Hardware stack levels required when called:    1
 This function calls:
		_Lcd_Port
 This function is called by:
		_Lcd_Clear
		_Lcd_Set_Cursor
		_Lcd_Init
		_Lcd_Shift_Right
		_Lcd_Shift_Left
 This function uses a non-reentrant model


 *************** function _Lcd_Port *****************
 Defined at:
		line 1 in file "lcd.h"
 Parameters:    Size  Location     Type
  a               1    wreg     unsigned char 
 Auto vars:     Size  Location     Type
  a               1    0[COMMON] unsigned char 
 Return value:  Size  Location     Type
                  1    wreg      void 
 Registers used:
		wreg
 Tracked objects:
		On entry : 
		On exit  : 
		Unchanged: 
 Data sizes:     COMMON   BANK0   BANK1   BANK3   BANK2
      Params:         0       0       0       0       0
      Locals:         1       0       0       0       0
      Temps:          0       0       0       0       0
      Totals:         1       0       0       0       0
Total ram usage:        1 bytes
 Hardware stack levels used:    1
 This function calls:
		Nothing
 This function is called by:
		_Lcd_Cmd
		_Lcd_Init
		_Lcd_Write_Char
 This function uses a non-reentrant model


 *************** function _ADC_Read *****************
 Defined at:
		line 151 in file "main.c"
 Parameters:    Size  Location     Type
  channel         1    wreg     unsigned char 
 Auto vars:     Size  Location     Type
  channel         1    4[COMMON] unsigned char 
 Return value:  Size  Location     Type
                  2    0[COMMON] unsigned int 
 Registers used:
		wreg, status,2, status,0
 Tracked objects:
		On entry : 
		On exit  : 
		Unchanged: 
 Data sizes:     COMMON   BANK0   BANK1   BANK3   BANK2
      Params:         2       0       0       0       0
      Locals:         1       0       0       0       0
      Temps:          2       0       0       0       0
      Totals:         5       0       0       0       0
Total ram usage:        5 bytes
 Hardware stack levels used:    1
 This function calls:
		Nothing
 This function is called by:
		_main
 This function uses a non-reentrant model


 *************** function _ADC_Initialize *****************
 Defined at:
		line 142 in file "main.c"
 Parameters:    Size  Location     Type
		None
 Auto vars:     Size  Location     Type
		None
 Return value:  Size  Location     Type
                  1    wreg      void 
 Registers used:
		wreg
 Tracked objects:
		On entry : 
		On exit  : 
		Unchanged: 
 Data sizes:     COMMON   BANK0   BANK1   BANK3   BANK2
      Params:         0       0       0       0       0
      Locals:         0       0       0       0       0
      Temps:          0       0       0       0       0
      Totals:         0       0       0       0       0
Total ram usage:        0 bytes
 Hardware stack levels used:    1
 This function calls:
		Nothing
 This function is called by:
		_main
 This function uses a non-reentrant model



MODULE INFORMATION

Module		Function		Class		Link	Load	Size
E:\software\pic\XC8\sources\common\ftneg.c
		___ftneg       		CODE           	0802	0000	9

E:\software\pic\XC8\sources\common\ftneg.c estimated size: 9

E:\software\pic\XC8\sources\common\ftsub.c
		___ftsub       		CODE           	1D17	0000	34

E:\software\pic\XC8\sources\common\ftsub.c estimated size: 34

E:\software\pic\XC8\sources\common\float.c
		___ftpack      		CODE           	1148	0000	109

E:\software\pic\XC8\sources\common\float.c estimated size: 109

E:\software\pic\XC8\sources\common\llmod.c
		___llmod       		CODE           	1EAB	0000	79

E:\software\pic\XC8\sources\common\llmod.c estimated size: 79

E:\software\pic\XC8\sources\common\lwtoft.c
		___lwtoft      		CODE           	1CCF	0000	21

E:\software\pic\XC8\sources\common\lwtoft.c estimated size: 21

E:\software\pic\XC8\sources\common\ftge.c
		___ftge        		CODE           	10EB	0000	94

E:\software\pic\XC8\sources\common\ftge.c estimated size: 94

E:\software\pic\XC8\sources\common\lltoft.c
		___lltoft      		CODE           	1D88	0000	44

E:\software\pic\XC8\sources\common\lltoft.c estimated size: 44

E:\software\pic\XC8\sources\common\altoft.c
		___altoft      		CODE           	10A9	0000	67

E:\software\pic\XC8\sources\common\altoft.c estimated size: 67

E:\software\pic\XC8\sources\common\ftmul.c
		___ftmul       		CODE           	14F2	0000	212

E:\software\pic\XC8\sources\common\ftmul.c estimated size: 212

E:\software\pic\XC8\sources\common\awmod.c
		___awmod       		CODE           	1E60	0000	76

E:\software\pic\XC8\sources\common\awmod.c estimated size: 76

E:\software\pic\XC8\sources\common\ftdiv.c
		___ftdiv       		CODE           	1377	0000	185

E:\software\pic\XC8\sources\common\ftdiv.c estimated size: 185

E:\software\pic\XC8\sources\common\doprnt.c
		_scale         		CODE           	0D65	0000	668
		_sprintf       		CODE           	0026	0000	2320
		_fround        		CODE           	09CE	0000	411

E:\software\pic\XC8\sources\common\doprnt.c estimated size: 3399

shared
		__stringtab    		STRING         	1000	0000	7
		__powers_      		STRING         	102E	0000	40
		_dpowers       		STRING         	1006	0000	41
		__npowers_     		STRING         	1055	0000	40
		__initialization		CODE           	07D2	0000	43

shared estimated size: 171

E:\software\pic\XC8\sources\common\lldiv.c
		___lldiv       		CODE           	080A	0000	95

E:\software\pic\XC8\sources\common\lldiv.c estimated size: 95

E:\software\pic\XC8\sources\common\Umul16.c
		___wmul        		CODE           	0005	0000	34

E:\software\pic\XC8\sources\common\Umul16.c estimated size: 34

E:\software\pic\XC8\sources\common\Umul8.c
		___bmul        		CODE           	1CBC	0000	20

E:\software\pic\XC8\sources\common\Umul8.c estimated size: 20

E:\software\pic\XC8\sources\common\fttol.c
		___fttol       		CODE           	11B4	0000	143

E:\software\pic\XC8\sources\common\fttol.c estimated size: 143

lcd.h
		_Lcd_Write_String		CODE           	1DB3	0000	45
		_Lcd_Init      		CODE           	1F4A	0000	92
		_Lcd_Write_Char		CODE           	1DDF	0000	56
		_Lcd_Cmd       		CODE           	1CFD	0000	27
		_Lcd_Set_Cursor		CODE           	1E16	0000	75
		_Lcd_Clear     		CODE           	1C94	0000	12
		_Lcd_Port      		CODE           	1CE3	0000	27

lcd.h estimated size: 334

E:\software\pic\XC8\sources\common\awdiv.c
		___awdiv       		CODE           	1FA5	0000	92

E:\software\pic\XC8\sources\common\awdiv.c estimated size: 92

E:\software\pic\XC8\sources\common\ftdivl.c
		__tdiv_to_l_   		CODE           	142F	0000	196

E:\software\pic\XC8\sources\common\ftdivl.c estimated size: 196

E:\software\pic\XC8\sources\common\ftadd.c
		___ftadd       		CODE           	15C5	0000	266

E:\software\pic\XC8\sources\common\ftadd.c estimated size: 266

E:\software\pic\XC8\sources\common\aldiv.c
		___aldiv       		CODE           	1242	0000	144

E:\software\pic\XC8\sources\common\aldiv.c estimated size: 144

main.c
		_PWM_Initialize		CODE           	1EF9	0000	82
		_ADC_Initialize		CODE           	1CAD	0000	16
		_main          		CODE           	0B68	0000	510
		_set_H_bridge_pins		CODE           	1D38	0000	40
		_set_PWM_duty_cycle		CODE           	12D1	0000	167
		_ADC_Read      		CODE           	1D5F	0000	42

main.c estimated size: 857

E:\software\pic\XC8\sources\common\isdigit.c
		_isdigit       		CODE           	1C9F	0000	15

E:\software\pic\XC8\sources\common\isdigit.c estimated size: 15

E:\software\pic\XC8\sources\common\fldivl.c
		__div_to_l_    		CODE           	16CE	0000	307

E:\software\pic\XC8\sources\common\fldivl.c estimated size: 307

