Microchip MPLAB XC8 Compiler V1.45 ()

Linker command line:

-W-3 --edf=E:\software\pic\XC8\dat\en_msgs.txt -cs \
  -h+dist/default/production\PWM.X.production.sym \
  --cmf=dist/default/production\PWM.X.production.cmf -z -Q16F886 \
  -oC:\Users\Samare\AppData\Local\Temp\s16g.2 \
  -Mdist/default/production/PWM.X.production.map -E1 -ver=XC8 \
  -ASTACK=0110h-016fh -pstack=STACK -ACODE=00h-07FFhx4 -ASTRCODE=00h-01FFFh \
  -ASTRING=00h-0FFhx32 -ACONST=00h-0FFhx32 -AENTRY=00h-0FFhx32 \
  -ACOMMON=070h-07Fh -ABANK0=020h-06Fh -ABANK1=0A0h-0EFh \
  -ABANK2=0110h-016Fh -ABANK3=0190h-01EFh \
  -ARAM=020h-06Fh,0A0h-0EFh,0110h-016Fh,0190h-01EFh \
  -AABS1=020h-07Fh,0A0h-0EFh,0110h-016Fh,0190h-01EFh -ASFR0=00h-01Fh \
  -ASFR1=080h-09Fh -ASFR2=0100h-010Fh -ASFR3=0180h-018Fh \
  -preset_vec=00h,intentry,init,end_init -ppowerup=CODE -pcinit=CODE \
  -pfunctab=ENTRY -ACONFIG=02007h-02008h -pconfig=CONFIG -DCONFIG=2 \
  -AIDLOC=02000h-02003h -pidloc=IDLOC -DIDLOC=2 -AEEDATA=00h-0FFh/02100h \
  -peeprom_data=EEDATA -DEEDATA=2 -DCODE=2 -DSTRCODE=2 -DSTRING=2 -DCONST=2 \
  -DENTRY=2 -k C:\Users\Samare\AppData\Local\Temp\s16g.obj \
  dist/default/production\PWM.X.production.obj 

Object code version is 3.11

Machine type is 16F886



                Name                               Link     Load   Length Selector   Space Scale
C:\Users\Samare\AppData\Local\Temp\s16g.obj
                end_init                              0        0        3        0       0
                config                             2007     2007        2     400E       0
dist/default/production\PWM.X.production.obj
                cinit                               7DA      7DA       26      FB4       0
                text11                              2FE      2FE        F      5FC       0
                text10                              321      321       29      642       0
                text9                               52A      52A       8F      A54       0
                text8                               430      430       6C      860       0
                text7                               34A      34A       42      694       0
                text6                               64F      64F       B8      C9E       0
                text5                               707      707       D3      E0E       0
                text4                               49C      49C       8E      938       0
                text3                               30D      30D       14      61A       0
                text2                               5B9      5B9       96      B72       0
                text1                               38C      38C       51      718       0
                maintext                            3DD      3DD       53      7BA       0
                cstackBANK0                          20       20       44       20       1
                cstackCOMMON                         70       70        D       70       1
                dataBANK0                            64       64        6       20       1
                idataBANK0                          2F8      2F8        6      5F0       0

TOTAL           Name                               Link     Load   Length     Space
        CLASS   STACK          

        CLASS   CODE           
                end_init                              0        0        3         0
                cinit                               7DA      7DA       26         0
                text11                              2FE      2FE        F         0
                text10                              321      321       29         0
                text9                               52A      52A       8F         0
                text8                               430      430       6C         0
                text7                               34A      34A       42         0
                text6                               64F      64F       B8         0
                text5                               707      707       D3         0
                text4                               49C      49C       8E         0
                text3                               30D      30D       14         0
                text2                               5B9      5B9       96         0
                text1                               38C      38C       51         0
                maintext                            3DD      3DD       53         0
                idataBANK0                          2F8      2F8        6         0

        CLASS   STRCODE        

        CLASS   STRING         

        CLASS   CONST          

        CLASS   ENTRY          

        CLASS   COMMON         
                cstackCOMMON                         70       70        D         1

        CLASS   BANK0          
                cstackBANK0                          20       20       44         1
                dataBANK0                            64       64        6         1

        CLASS   BANK1          

        CLASS   BANK2          

        CLASS   BANK3          

        CLASS   RAM            

        CLASS   ABS1           
                abs_s1                               7E       7E        2         1

        CLASS   SFR0           

        CLASS   SFR1           

        CLASS   SFR2           

        CLASS   SFR3           

        CLASS   CONFIG         
                config                             2007     2007        2         0

        CLASS   IDLOC          

        CLASS   EEDATA         



SEGMENTS        Name                           Load    Length   Top    Selector   Space  Class     Delta

                reset_vec                      000000  000003  000003         0       0  CODE        2
                cstackBANK0                    000020  00004A  00006A        20       1  BANK0       1
                cstackCOMMON                   000070  00000D  00007D        70       1  COMMON      1
                idataBANK0                     0002F8  000006  0002FE       5F0       0  CODE        2
                text11                         0002FE  00000F  00030D       5FC       0  CODE        2
                text3                          00030D  000014  000321       61A       0  CODE        2
                text10                         000321  000029  00034A       642       0  CODE        2
                text7                          00034A  000042  00038C       694       0  CODE        2
                text1                          00038C  000051  0003DD       718       0  CODE        2
                maintext                       0003DD  000053  000430       7BA       0  CODE        2
                text8                          000430  00006C  00049C       860       0  CODE        2
                text4                          00049C  00008E  00052A       938       0  CODE        2
                text9                          00052A  00008F  0005B9       A54       0  CODE        2
                text2                          0005B9  000096  00064F       B72       0  CODE        2
                text6                          00064F  0000B8  000707       C9E       0  CODE        2
                text5                          000707  0000D3  0007DA       E0E       0  CODE        2
                cinit                          0007DA  000026  000800       FB4       0  CODE        2
                config                         002007  000002  002009      400E       0  CONFIG      2


UNUSED ADDRESS RANGES

        Name                Unused          Largest block    Delta
        BANK0            006A-006F              6           1
        BANK1            00A0-00EF             50           1
        BANK2            0110-016F             60           1
        BANK3            0190-01EF             60           1
        CODE             0003-02F7            2F5           2
                         0800-1FFF            800
        COMMON           007D-007D              1           1
        CONST            0003-02F7            100           2
                         0800-1FFF            100
        EEDATA           2100-21FF            100           2
        ENTRY            0003-02F7            100           2
                         0800-1FFF            100
        IDLOC            2000-2003              4           2
        RAM              006A-006F              6           1
                         00A0-00EF             50
                         0110-016F             60
                         0190-01EF             60
        SFR0             0000-001F             20           1
        SFR1             0080-009F             20           1
        SFR2             0100-010F             10           1
        SFR3             0180-018F             10           1
        STACK            0110-016F             60           1
        STRCODE          0003-02F7            2F5           2
                         0800-1FFF           1800
        STRING           0003-02F7            100           2
                         0800-1FFF            100

                                  Symbol Table

?_ADC_Read                      cstackCOMMON 0070
?___aldiv                       cstackCOMMON 0070
?___altoft                      cstackBANK0  0026
?___ftdiv                       cstackBANK0  0020
?___ftmul                       cstackBANK0  0030
?___ftpack                      cstackCOMMON 0070
?___fttol                       cstackBANK0  0040
?___lwtoft                      cstackCOMMON 0078
ADC_Read@channel                cstackCOMMON 0074
PWM_Initialize@PWM_freq         cstackBANK0  0054
PWM_Initialize@init_pulse_width cstackBANK0  0058
_ADCON0                         (abs)        001F
_ADCON1                         (abs)        009F
_ADC_Initialize                 text11       02FE
_ADC_Read                       text10       0321
_ADRESH                         (abs)        001E
_ADRESL                         (abs)        009E
_ANSEL                          (abs)        0188
_ANSELH                         (abs)        0189
_ANSELbits                      (abs)        0188
_CCP1CONbits                    (abs)        0017
_CCPR1L                         (abs)        0015
_GO_nDONE                       (abs)        00F9
_PR2                            (abs)        0092
_PWM_Initialize                 text1        038C
_PWM_freq                       dataBANK0    0066
_T2CONbits                      (abs)        0012
_TRISAbits                      (abs)        0085
_TRISB                          (abs)        0086
_TRISB2                         (abs)        0432
_TRISC                          (abs)        0087
_TRISC2                         (abs)        043A
__CFG_BOR4V$BOR40V              (abs)        0000
__CFG_BOREN$OFF                 (abs)        0000
__CFG_CP$OFF                    (abs)        0000
__CFG_CPD$OFF                   (abs)        0000
__CFG_FCMEN$OFF                 (abs)        0000
__CFG_FOSC$INTRC_NOCLKOUT       (abs)        0000
__CFG_IESO$OFF                  (abs)        0000
__CFG_LVP$ON                    (abs)        0000
__CFG_MCLRE$ON                  (abs)        0000
__CFG_PWRTE$OFF                 (abs)        0000
__CFG_WDTE$OFF                  (abs)        0000
__CFG_WRT$OFF                   (abs)        0000
__Habs1                         abs1         0000
__Hbank0                        bank0        0000
__Hbank1                        bank1        0000
__Hbank2                        bank2        0000
__Hbank3                        bank3        0000
__Hcinit                        cinit        0800
__Hclrtext                      clrtext      0000
__Hcode                         code         0000
__Hcommon                       common       0000
__Hconfig                       config       2009
__HcstackBANK0                  cstackBANK0  0000
__HcstackCOMMON                 cstackCOMMON 0000
__HdataBANK0                    dataBANK0    0000
__Heeprom_data                  eeprom_data  0000
__Hend_init                     end_init     0003
__Hfunctab                      functab      0000
__HidataBANK0                   idataBANK0   0000
__Hidloc                        idloc        0000
__Hinit                         init         0000
__Hintentry                     intentry     0000
__Hmaintext                     maintext     0000
__Hpowerup                      powerup      0000
__Hram                          ram          0000
__Hreset_vec                    reset_vec    0000
__Hsfr0                         sfr0         0000
__Hsfr1                         sfr1         0000
__Hsfr2                         sfr2         0000
__Hsfr3                         sfr3         0000
__Hspace_0                      (abs)        2009
__Hspace_1                      (abs)        007D
__Hspace_2                      (abs)        0000
__Hspace_3                      (abs)        0000
__Hstack                        stack        0000
__Hstrings                      strings      0000
__Htext                         text         0000
__Labs1                         abs1         0000
__Lbank0                        bank0        0000
__Lbank1                        bank1        0000
__Lbank2                        bank2        0000
__Lbank3                        bank3        0000
__Lcinit                        cinit        07DA
__Lclrtext                      clrtext      0000
__Lcode                         code         0000
__Lcommon                       common       0000
__Lconfig                       config       2007
__LcstackBANK0                  cstackBANK0  0000
__LcstackCOMMON                 cstackCOMMON 0000
__LdataBANK0                    dataBANK0    0000
__Leeprom_data                  eeprom_data  0000
__Lend_init                     end_init     0000
__Lfunctab                      functab      0000
__LidataBANK0                   idataBANK0   0000
__Lidloc                        idloc        0000
__Linit                         init         0000
__Lintentry                     intentry     0000
__Lmaintext                     maintext     0000
__Lpowerup                      powerup      0000
__Lram                          ram          0000
__Lreset_vec                    reset_vec    0000
__Lsfr0                         sfr0         0000
__Lsfr1                         sfr1         0000
__Lsfr2                         sfr2         0000
__Lsfr3                         sfr3         0000
__Lspace_0                      (abs)        0000
__Lspace_1                      (abs)        0000
__Lspace_2                      (abs)        0000
__Lspace_3                      (abs)        0000
__Lstack                        stack        0000
__Lstrings                      strings      0000
__Ltext                         text         0000
__S0                            (abs)        2009
__S1                            (abs)        007D
__S2                            (abs)        0000
__S3                            (abs)        0000
___aldiv                        text9        052A
___aldiv@counter                cstackBANK0  0020
___aldiv@dividend               cstackCOMMON 0074
___aldiv@divisor                cstackCOMMON 0070
___aldiv@quotient               cstackBANK0  0022
___aldiv@sign                   cstackBANK0  0021
___altoft                       text7        034A
___altoft@c                     cstackBANK0  0026
___altoft@exp                   cstackCOMMON 007B
___altoft@sign                  cstackCOMMON 007C
___ftdiv                        text6        064F
___ftdiv@cntr                   cstackBANK0  002A
___ftdiv@exp                    cstackBANK0  002E
___ftdiv@f1                     cstackBANK0  0023
___ftdiv@f2                     cstackBANK0  0020
___ftdiv@f3                     cstackBANK0  002B
___ftdiv@sign                   cstackBANK0  002F
___ftmul                        text5        0707
___ftmul@cntr                   cstackBANK0  003E
___ftmul@exp                    cstackBANK0  003A
___ftmul@f1                     cstackBANK0  0030
___ftmul@f2                     cstackBANK0  0033
___ftmul@f3_as_product          cstackBANK0  003B
___ftmul@sign                   cstackBANK0  003F
___ftpack                       text8        0430
___ftpack@arg                   cstackCOMMON 0070
___ftpack@exp                   cstackCOMMON 0073
___ftpack@sign                  cstackCOMMON 0074
___fttol                        text4        049C
___fttol@exp1                   cstackBANK0  004D
___fttol@f1                     cstackBANK0  0040
___fttol@lval                   cstackBANK0  0049
___fttol@sign1                  cstackBANK0  0048
___int_sp                       stack        0000
___latbits                      (abs)        0002
___lwtoft                       text3        030D
___lwtoft@c                     cstackCOMMON 0078
___sp                           stack        0000
__end_of_ADC_Initialize         text11       030D
__end_of_ADC_Read               text10       034A
__end_of_PWM_Initialize         text1        03DD
__end_of___aldiv                text9        05B9
__end_of___altoft               text7        038C
__end_of___ftdiv                text6        0707
__end_of___ftmul                text5        07DA
__end_of___ftpack               text8        049C
__end_of___fttol                text4        052A
__end_of___lwtoft               text3        0321
__end_of__initialization        cinit        07FC
__end_of_main                   maintext     0430
__end_of_set_PWM_duty_cycle     text2        064F
__initialization                cinit        07DA
__pcstackBANK0                  cstackBANK0  0020
__pcstackCOMMON                 cstackCOMMON 0070
__pdataBANK0                    dataBANK0    0064
__pidataBANK0                   idataBANK0   02F8
__pmaintext                     maintext     03DD
__ptext1                        text1        038C
__ptext10                       text10       0321
__ptext11                       text11       02FE
__ptext2                        text2        05B9
__ptext3                        text3        030D
__ptext4                        text4        049C
__ptext5                        text5        0707
__ptext6                        text6        064F
__ptext7                        text7        034A
__ptext8                        text8        0430
__ptext9                        text9        052A
__size_of_ADC_Initialize        (abs)        0000
__size_of_ADC_Read              (abs)        0000
__size_of_PWM_Initialize        (abs)        0000
__size_of___aldiv               (abs)        0000
__size_of___altoft              (abs)        0000
__size_of___ftdiv               (abs)        0000
__size_of___ftmul               (abs)        0000
__size_of___ftpack              (abs)        0000
__size_of___fttol               (abs)        0000
__size_of___lwtoft              (abs)        0000
__size_of_main                  (abs)        0000
__size_of_set_PWM_duty_cycle    (abs)        0000
_init_pulse_width               dataBANK0    0064
_main                           maintext     03DD
_set_PWM_duty_cycle             text2        05B9
btemp                           (abs)        007E
end_of_initialization           cinit        07FC
intlevel0                       functab      0000
intlevel1                       functab      0000
intlevel2                       functab      0000
intlevel3                       functab      0000
intlevel4                       functab      0000
intlevel5                       functab      0000
main@adc_value                  cstackBANK0  0060
main@pulse_width                cstackBANK0  0062
reset_vec                       reset_vec    0000
set_PWM_duty_cycle@duty         cstackBANK0  004E
stackhi                         (abs)        0000
stacklo                         (abs)        0000
start                           init         0000
start_initialization            cinit        07DA
wtemp0                          (abs)        007E


FUNCTION INFORMATION:

 *************** function _main *****************
 Defined at:
		line 19 in file "main.c"
 Parameters:    Size  Location     Type
		None
 Auto vars:     Size  Location     Type
  pulse_width     2   66[BANK0 ] unsigned int 
  adc_value       2   64[BANK0 ] unsigned int 
 Return value:  Size  Location     Type
                  1    wreg      void 
 Registers used:
		wreg, status,2, status,0, pclath, cstack
 Tracked objects:
		On entry : 
		On exit  : 
		Unchanged: 
 Data sizes:     COMMON   BANK0   BANK1   BANK3   BANK2
      Params:         0       0       0       0       0
      Locals:         0       4       0       0       0
      Temps:          0       2       0       0       0
      Totals:         0       6       0       0       0
Total ram usage:        6 bytes
 Hardware stack levels required when called:    4
 This function calls:
		_ADC_Initialize
		_ADC_Read
		_PWM_Initialize
		_set_PWM_duty_cycle
 This function is called by:
		Startup code after reset
 This function uses a non-reentrant model


 *************** function _PWM_Initialize *****************
 Defined at:
		line 45 in file "main.c"
 Parameters:    Size  Location     Type
  PWM_freq        4   52[BANK0 ] long 
  init_pulse_w    2   56[BANK0 ] unsigned int 
 Auto vars:     Size  Location     Type
		None
 Return value:  Size  Location     Type
                  1    wreg      void 
 Registers used:
		wreg, status,2, status,0, pclath, cstack
 Tracked objects:
		On entry : 
		On exit  : 
		Unchanged: 
 Data sizes:     COMMON   BANK0   BANK1   BANK3   BANK2
      Params:         0       6       0       0       0
      Locals:         0       0       0       0       0
      Temps:          0       4       0       0       0
      Totals:         0      10       0       0       0
Total ram usage:       10 bytes
 Hardware stack levels used:    1
 Hardware stack levels required when called:    3
 This function calls:
		___aldiv
		_set_PWM_duty_cycle
 This function is called by:
		_main
 This function uses a non-reentrant model


 *************** function _set_PWM_duty_cycle *****************
 Defined at:
		line 65 in file "main.c"
 Parameters:    Size  Location     Type
  duty            2   46[BANK0 ] unsigned int 
 Auto vars:     Size  Location     Type
		None
 Return value:  Size  Location     Type
                  1    wreg      void 
 Registers used:
		wreg, status,2, status,0, pclath, cstack
 Tracked objects:
		On entry : 
		On exit  : 
		Unchanged: 
 Data sizes:     COMMON   BANK0   BANK1   BANK3   BANK2
      Params:         0       2       0       0       0
      Locals:         0       0       0       0       0
      Temps:          0       4       0       0       0
      Totals:         0       6       0       0       0
Total ram usage:        6 bytes
 Hardware stack levels used:    1
 Hardware stack levels required when called:    2
 This function calls:
		___aldiv
		___altoft
		___ftdiv
		___ftmul
		___fttol
		___lwtoft
 This function is called by:
		_main
		_PWM_Initialize
 This function uses a non-reentrant model


 *************** function ___lwtoft *****************
 Defined at:
		line 28 in file "E:\software\pic\XC8\sources\common\lwtoft.c"
 Parameters:    Size  Location     Type
  c               2    8[COMMON] unsigned int 
 Auto vars:     Size  Location     Type
		None
 Return value:  Size  Location     Type
                  3    8[COMMON] float 
 Registers used:
		wreg, status,2, status,0, pclath, cstack
 Tracked objects:
		On entry : 
		On exit  : 
		Unchanged: 
 Data sizes:     COMMON   BANK0   BANK1   BANK3   BANK2
      Params:         3       0       0       0       0
      Locals:         0       0       0       0       0
      Temps:          1       0       0       0       0
      Totals:         4       0       0       0       0
Total ram usage:        4 bytes
 Hardware stack levels used:    1
 Hardware stack levels required when called:    1
 This function calls:
		___ftpack
 This function is called by:
		_set_PWM_duty_cycle
 This function uses a non-reentrant model


 *************** function ___fttol *****************
 Defined at:
		line 44 in file "E:\software\pic\XC8\sources\common\fttol.c"
 Parameters:    Size  Location     Type
  f1              3   32[BANK0 ] float 
 Auto vars:     Size  Location     Type
  lval            4   41[BANK0 ] unsigned long 
  exp1            1   45[BANK0 ] unsigned char 
  sign1           1   40[BANK0 ] unsigned char 
 Return value:  Size  Location     Type
                  4   32[BANK0 ] long 
 Registers used:
		wreg, status,2, status,0
 Tracked objects:
		On entry : 
		On exit  : 
		Unchanged: 
 Data sizes:     COMMON   BANK0   BANK1   BANK3   BANK2
      Params:         0       4       0       0       0
      Locals:         0       6       0       0       0
      Temps:          0       4       0       0       0
      Totals:         0      14       0       0       0
Total ram usage:       14 bytes
 Hardware stack levels used:    1
 This function calls:
		Nothing
 This function is called by:
		_set_PWM_duty_cycle
 This function uses a non-reentrant model


 *************** function ___ftmul *****************
 Defined at:
		line 62 in file "E:\software\pic\XC8\sources\common\ftmul.c"
 Parameters:    Size  Location     Type
  f1              3   16[BANK0 ] float 
  f2              3   19[BANK0 ] float 
 Auto vars:     Size  Location     Type
  f3_as_produc    3   27[BANK0 ] unsigned um
  sign            1   31[BANK0 ] unsigned char 
  cntr            1   30[BANK0 ] unsigned char 
  exp             1   26[BANK0 ] unsigned char 
 Return value:  Size  Location     Type
                  3   16[BANK0 ] float 
 Registers used:
		wreg, status,2, status,0, pclath, cstack
 Tracked objects:
		On entry : 
		On exit  : 
		Unchanged: 
 Data sizes:     COMMON   BANK0   BANK1   BANK3   BANK2
      Params:         0       6       0       0       0
      Locals:         0       6       0       0       0
      Temps:          0       4       0       0       0
      Totals:         0      16       0       0       0
Total ram usage:       16 bytes
 Hardware stack levels used:    1
 Hardware stack levels required when called:    1
 This function calls:
		___ftpack
 This function is called by:
		_set_PWM_duty_cycle
 This function uses a non-reentrant model


 *************** function ___ftdiv *****************
 Defined at:
		line 56 in file "E:\software\pic\XC8\sources\common\ftdiv.c"
 Parameters:    Size  Location     Type
  f2              3    0[BANK0 ] float 
  f1              3    3[BANK0 ] float 
 Auto vars:     Size  Location     Type
  f3              3   11[BANK0 ] float 
  sign            1   15[BANK0 ] unsigned char 
  exp             1   14[BANK0 ] unsigned char 
  cntr            1   10[BANK0 ] unsigned char 
 Return value:  Size  Location     Type
                  3    0[BANK0 ] float 
 Registers used:
		wreg, status,2, status,0, pclath, cstack
 Tracked objects:
		On entry : 
		On exit  : 
		Unchanged: 
 Data sizes:     COMMON   BANK0   BANK1   BANK3   BANK2
      Params:         0       6       0       0       0
      Locals:         0       6       0       0       0
      Temps:          0       4       0       0       0
      Totals:         0      16       0       0       0
Total ram usage:       16 bytes
 Hardware stack levels used:    1
 Hardware stack levels required when called:    1
 This function calls:
		___ftpack
 This function is called by:
		_set_PWM_duty_cycle
 This function uses a non-reentrant model


 *************** function ___altoft *****************
 Defined at:
		line 42 in file "E:\software\pic\XC8\sources\common\altoft.c"
 Parameters:    Size  Location     Type
  c               4    6[BANK0 ] long 
 Auto vars:     Size  Location     Type
  sign            1   12[COMMON] unsigned char 
  exp             1   11[COMMON] unsigned char 
 Return value:  Size  Location     Type
                  3    6[BANK0 ] float 
 Registers used:
		wreg, status,2, status,0, pclath, cstack
 Tracked objects:
		On entry : 
		On exit  : 
		Unchanged: 
 Data sizes:     COMMON   BANK0   BANK1   BANK3   BANK2
      Params:         0       4       0       0       0
      Locals:         2       0       0       0       0
      Temps:          2       0       0       0       0
      Totals:         4       4       0       0       0
Total ram usage:        8 bytes
 Hardware stack levels used:    1
 Hardware stack levels required when called:    1
 This function calls:
		___ftpack
 This function is called by:
		_set_PWM_duty_cycle
 This function uses a non-reentrant model


 *************** function ___ftpack *****************
 Defined at:
		line 62 in file "E:\software\pic\XC8\sources\common\float.c"
 Parameters:    Size  Location     Type
  arg             3    0[COMMON] unsigned um
  exp             1    3[COMMON] unsigned char 
  sign            1    4[COMMON] unsigned char 
 Auto vars:     Size  Location     Type
		None
 Return value:  Size  Location     Type
                  3    0[COMMON] float 
 Registers used:
		wreg, status,2, status,0
 Tracked objects:
		On entry : 
		On exit  : 
		Unchanged: 
 Data sizes:     COMMON   BANK0   BANK1   BANK3   BANK2
      Params:         5       0       0       0       0
      Locals:         0       0       0       0       0
      Temps:          3       0       0       0       0
      Totals:         8       0       0       0       0
Total ram usage:        8 bytes
 Hardware stack levels used:    1
 This function calls:
		Nothing
 This function is called by:
		___altoft
		___ftdiv
		___ftmul
		___lwtoft
 This function uses a non-reentrant model


 *************** function ___aldiv *****************
 Defined at:
		line 6 in file "E:\software\pic\XC8\sources\common\aldiv.c"
 Parameters:    Size  Location     Type
  divisor         4    0[COMMON] long 
  dividend        4    4[COMMON] long 
 Auto vars:     Size  Location     Type
  quotient        4    2[BANK0 ] long 
  sign            1    1[BANK0 ] unsigned char 
  counter         1    0[BANK0 ] unsigned char 
 Return value:  Size  Location     Type
                  4    0[COMMON] long 
 Registers used:
		wreg, status,2, status,0
 Tracked objects:
		On entry : 
		On exit  : 
		Unchanged: 
 Data sizes:     COMMON   BANK0   BANK1   BANK3   BANK2
      Params:         8       0       0       0       0
      Locals:         0       6       0       0       0
      Temps:          1       0       0       0       0
      Totals:         9       6       0       0       0
Total ram usage:       15 bytes
 Hardware stack levels used:    1
 This function calls:
		Nothing
 This function is called by:
		_PWM_Initialize
		_set_PWM_duty_cycle
 This function uses a non-reentrant model


 *************** function _ADC_Read *****************
 Defined at:
		line 84 in file "main.c"
 Parameters:    Size  Location     Type
  channel         1    wreg     unsigned char 
 Auto vars:     Size  Location     Type
  channel         1    4[COMMON] unsigned char 
 Return value:  Size  Location     Type
                  2    0[COMMON] unsigned int 
 Registers used:
		wreg, status,2, status,0
 Tracked objects:
		On entry : 
		On exit  : 
		Unchanged: 
 Data sizes:     COMMON   BANK0   BANK1   BANK3   BANK2
      Params:         2       0       0       0       0
      Locals:         1       0       0       0       0
      Temps:          2       0       0       0       0
      Totals:         5       0       0       0       0
Total ram usage:        5 bytes
 Hardware stack levels used:    1
 This function calls:
		Nothing
 This function is called by:
		_main
 This function uses a non-reentrant model


 *************** function _ADC_Initialize *****************
 Defined at:
		line 75 in file "main.c"
 Parameters:    Size  Location     Type
		None
 Auto vars:     Size  Location     Type
		None
 Return value:  Size  Location     Type
                  1    wreg      void 
 Registers used:
		wreg
 Tracked objects:
		On entry : 
		On exit  : 
		Unchanged: 
 Data sizes:     COMMON   BANK0   BANK1   BANK3   BANK2
      Params:         0       0       0       0       0
      Locals:         0       0       0       0       0
      Temps:          0       0       0       0       0
      Totals:         0       0       0       0       0
Total ram usage:        0 bytes
 Hardware stack levels used:    1
 This function calls:
		Nothing
 This function is called by:
		_main
 This function uses a non-reentrant model



MODULE INFORMATION

Module		Function		Class		Link	Load	Size
E:\software\pic\XC8\sources\common\float.c
		___ftpack      		CODE           	0430	0000	109

E:\software\pic\XC8\sources\common\float.c estimated size: 109

E:\software\pic\XC8\sources\common\lwtoft.c
		___lwtoft      		CODE           	030D	0000	21

E:\software\pic\XC8\sources\common\lwtoft.c estimated size: 21

E:\software\pic\XC8\sources\common\altoft.c
		___altoft      		CODE           	034A	0000	67

E:\software\pic\XC8\sources\common\altoft.c estimated size: 67

E:\software\pic\XC8\sources\common\ftmul.c
		___ftmul       		CODE           	0707	0000	212

E:\software\pic\XC8\sources\common\ftmul.c estimated size: 212

E:\software\pic\XC8\sources\common\ftdiv.c
		___ftdiv       		CODE           	064F	0000	185

E:\software\pic\XC8\sources\common\ftdiv.c estimated size: 185

shared
		__initialization		CODE           	07DA	0000	35

shared estimated size: 35

E:\software\pic\XC8\sources\common\fttol.c
		___fttol       		CODE           	049C	0000	143

E:\software\pic\XC8\sources\common\fttol.c estimated size: 143

E:\software\pic\XC8\sources\common\aldiv.c
		___aldiv       		CODE           	052A	0000	144

E:\software\pic\XC8\sources\common\aldiv.c estimated size: 144

main.c
		_PWM_Initialize		CODE           	038C	0000	82
		_ADC_Initialize		CODE           	02FE	0000	16
		_main          		CODE           	03DD	0000	84
		_set_PWM_duty_cycle		CODE           	05B9	0000	151
		_ADC_Read      		CODE           	0321	0000	42

main.c estimated size: 375

